<html>
<body>
<pre>
<h1>礦ision Build Log</h1>
<h2>Project:</h2>
C:\Users\DYS7\Desktop\100步\1-2-29-g两路ADC读取程序\YT32B1_STM32F103_demo.uvproj
Project File Date:  04/05/2018

<h2>Output:</h2>
Build target 'Target 1'
compiling main.c...
User\main.c(45): error:  #32: expression must have arithmetic type
User\main.c:            OLED_DISPLAY_8x16(6,10*8,ADC_DMA_IN5/1000+0x30);//
User\main.c:                                     ^
User\main.c(46): error:  #31: expression must have integral type
User\main.c:            OLED_DISPLAY_8x16(6,11*8,ADC_DMA_IN5%1000/100+0x30);//
User\main.c:                                     ^
User\main.c(47): error:  #31: expression must have integral type
User\main.c:            OLED_DISPLAY_8x16(6,12*8,ADC_DMA_IN5%100/10+0x30);//
User\main.c:                                     ^
User\main.c(48): error:  #31: expression must have integral type
User\main.c:            OLED_DISPLAY_8x16(6,13*8,ADC_DMA_IN5%10+0x30);//
User\main.c:                                     ^
User\main.c: User\main.c: 0 warnings, 4 errors
compiling adc.c...
Target not created
Build target 'Target 1'
compiling main.c...
compiling adc.c...
linking...
Program Size: Code=17142 RO-data=3470 RW-data=52 ZI-data=2036  
FromELF: creating hex file...
"YT32B1_STM32F103_demo.axf" - 0 Error(s), 0 Warning(s).
Build target 'Target 1'
compiling adc.c...
linking...
Program Size: Code=17142 RO-data=3470 RW-data=52 ZI-data=2036  
FromELF: creating hex file...
"YT32B1_STM32F103_demo.axf" - 0 Error(s), 0 Warning(s).
Build target 'Target 1'
compiling adc.c...
linking...
Program Size: Code=17142 RO-data=3470 RW-data=52 ZI-data=2036  
FromELF: creating hex file...
"YT32B1_STM32F103_demo.axf" - 0 Error(s), 0 Warning(s).
Build target 'Target 1'
compiling adc.c...
linking...
Program Size: Code=17142 RO-data=3470 RW-data=52 ZI-data=2036  
FromELF: creating hex file...
"YT32B1_STM32F103_demo.axf" - 0 Error(s), 0 Warning(s).
Build target 'Target 1'
compiling adc.c...
linking...
Program Size: Code=17142 RO-data=3470 RW-data=52 ZI-data=2036  
FromELF: creating hex file...
"YT32B1_STM32F103_demo.axf" - 0 Error(s), 0 Warning(s).
Build target 'Target 1'
compiling adc.c...
linking...
Program Size: Code=17146 RO-data=3470 RW-data=52 ZI-data=2036  
FromELF: creating hex file...
"YT32B1_STM32F103_demo.axf" - 0 Error(s), 0 Warning(s).
Build target 'Target 1'
compiling adc.c...
linking...
Program Size: Code=17142 RO-data=3470 RW-data=52 ZI-data=2036  
FromELF: creating hex file...
"YT32B1_STM32F103_demo.axf" - 0 Error(s), 0 Warning(s).
Build target 'Target 1'
compiling adc.c...
linking...
Program Size: Code=17146 RO-data=3470 RW-data=52 ZI-data=2036  
FromELF: creating hex file...
"YT32B1_STM32F103_demo.axf" - 0 Error(s), 0 Warning(s).
Build target 'Target 1'
compiling adc.c...
linking...
Program Size: Code=17142 RO-data=3470 RW-data=52 ZI-data=2036  
FromELF: creating hex file...
"YT32B1_STM32F103_demo.axf" - 0 Error(s), 0 Warning(s).
Build target 'Target 1'
linking...
Program Size: Code=17142 RO-data=3470 RW-data=52 ZI-data=2036  
FromELF: creating hex file...
"YT32B1_STM32F103_demo.axf" - 0 Error(s), 0 Warning(s).
