<html>
<body>
<pre>
<h1>礦ision Build Log</h1>
<h2>Project:</h2>
C:\Users\X_JUICE\Desktop\STM32小板程序\库函数版\AD9850驱动\USER\AD9850.uvproj
Project File Date:  08/18/2013

<h2>Output:</h2>
Build target 'Target 1'
compiling main.c...
main.c(13): warning:  #177-D: variable "t" was declared but never referenced
main.c(14): warning:  #177-D: variable "len" was declared but never referenced
main.c(15): warning:  #177-D: variable "times" was declared but never referenced
compiling stm32f10x_it.c...
compiling system_stm32f10x.c...
compiling led.c...
compiling key.c...
compiling AD9850.c...
compiling delay.c...
compiling sys.c...
compiling usart.c...
compiling core_cm3.c...
assembling startup_stm32f10x_hd.s...
compiling misc.c...
compiling stm32f10x_gpio.c...
compiling stm32f10x_rcc.c...
compiling stm32f10x_usart.c...
linking...
Program Size: Code=5088 RO-data=336 RW-data=52 ZI-data=1836  
FromELF: creating hex file...
"..\OBJ\USART.axf" - 0 Error(s), 3 Warning(s).
