Component: ARM Compiler 5.06 update 6 (build 750) Tool: armlink [4d35ed]

==============================================================================

Section Cross References

    system_stm32f10x.o(.text) refers to system_stm32f10x.o(.data) for SystemCoreClock
    stm32f10x_gpio.o(.text) refers to stm32f10x_rcc.o(.text) for RCC_APB2PeriphResetCmd
    stm32f10x_rcc.o(.text) refers to stm32f10x_rcc.o(.data) for APBAHBPrescTable
    stm32f10x_usart.o(.text) refers to stm32f10x_rcc.o(.text) for RCC_APB2PeriphResetCmd
    stm32f10x_bkp.o(.text) refers to stm32f10x_rcc.o(.text) for RCC_BackupResetCmd
    stm32f10x_pwr.o(.text) refers to stm32f10x_rcc.o(.text) for RCC_APB1PeriphResetCmd
    stm32f10x_i2c.o(.text) refers to stm32f10x_rcc.o(.text) for RCC_APB1PeriphResetCmd
    stm32f10x_adc.o(.text) refers to stm32f10x_rcc.o(.text) for RCC_APB2PeriphResetCmd
    stm32f10x_tim.o(.text) refers to stm32f10x_rcc.o(.text) for RCC_APB2PeriphResetCmd
    stm32f10x_spi.o(.text) refers to stm32f10x_rcc.o(.text) for RCC_APB2PeriphResetCmd
    startup_stm32f10x_md.o(STACK) refers (Special) to heapauxi.o(.text) for __use_two_region_memory
    startup_stm32f10x_md.o(HEAP) refers (Special) to heapauxi.o(.text) for __use_two_region_memory
    startup_stm32f10x_md.o(RESET) refers (Special) to heapauxi.o(.text) for __use_two_region_memory
    startup_stm32f10x_md.o(RESET) refers to startup_stm32f10x_md.o(STACK) for __initial_sp
    startup_stm32f10x_md.o(RESET) refers to startup_stm32f10x_md.o(.text) for Reset_Handler
    startup_stm32f10x_md.o(RESET) refers to stm32f10x_it.o(.text) for NMI_Handler
    startup_stm32f10x_md.o(RESET) refers to tim.o(.text) for TIM3_IRQHandler
    startup_stm32f10x_md.o(RESET) refers to usart.o(.text) for USART3_IRQHandler
    startup_stm32f10x_md.o(.text) refers (Special) to heapauxi.o(.text) for __use_two_region_memory
    startup_stm32f10x_md.o(.text) refers to system_stm32f10x.o(.text) for SystemInit
    startup_stm32f10x_md.o(.text) refers to __main.o(!!!main) for __main
    startup_stm32f10x_md.o(.text) refers to startup_stm32f10x_md.o(HEAP) for Heap_Mem
    startup_stm32f10x_md.o(.text) refers to startup_stm32f10x_md.o(STACK) for Stack_Mem
    main.o(.text) refers to delay.o(.text) for delay_ms
    main.o(.text) refers to sys.o(.text) for RCC_Configuration
    main.o(.text) refers to i2c.o(.text) for I2C_Configuration
    main.o(.text) refers to oled0561.o(.text) for OLED0561_Init
    main.o(.text) refers to tim.o(.text) for TIM3_Init
    main.o(.text) refers to usart.o(.text) for USART3_Init
    main.o(.text) refers to ad9850.o(.text) for Init_AD9850
    main.o(.text) refers to ad9850_2.o(.text) for Init_AD9850_2
    main.o(.text) refers to bsp_adc.o(.text) for ADCx_Init
    main.o(.text) refers to stm32f10x_tim.o(.text) for TIM_Cmd
    main.o(.text) refers to fflt_clz.o(x$fpl$ffltu) for __aeabi_ui2f
    main.o(.text) refers to fdiv.o(x$fpl$fdiv) for __aeabi_fdiv
    main.o(.text) refers to f2d.o(x$fpl$f2d) for __aeabi_f2d
    main.o(.text) refers to dmul.o(x$fpl$dmul) for __aeabi_dmul
    main.o(.text) refers to dleqf.o(x$fpl$dleqf) for __aeabi_cdcmple
    main.o(.text) refers to tim.o(.data) for t
    main.o(.text) refers to main.o(.data) for second1
    main.o(.text) refers to bsp_adc.o(.data) for ADC_ConvertedValue
    sys.o(.text) refers to misc.o(.text) for NVIC_PriorityGroupConfig
    sys.o(.text) refers to stm32f10x_rcc.o(.text) for RCC_DeInit
    sys.o(.text) refers to stm32f10x_flash.o(.text) for FLASH_SetLatency
    i2c.o(.text) refers to stm32f10x_rcc.o(.text) for RCC_APB2PeriphClockCmd
    i2c.o(.text) refers to stm32f10x_gpio.o(.text) for GPIO_Init
    i2c.o(.text) refers to stm32f10x_i2c.o(.text) for I2C_Init
    pwm.o(.text) refers to stm32f10x_rcc.o(.text) for RCC_APB1PeriphClockCmd
    pwm.o(.text) refers to stm32f10x_gpio.o(.text) for GPIO_Init
    pwm.o(.text) refers to stm32f10x_tim.o(.text) for TIM_TimeBaseInit
    spi.o(.text) refers to stm32f10x_rcc.o(.text) for RCC_APB1PeriphClockCmd
    spi.o(.text) refers to stm32f10x_gpio.o(.text) for GPIO_Init
    spi.o(.text) refers to stm32f10x_spi.o(.text) for SPI_Init
    usart.o(.text) refers (Special) to use_no_semi_2.o(.text) for __use_no_semihosting
    usart.o(.text) refers to c89vsnprintf.o(.text) for __c89vsnprintf
    usart.o(.text) refers to stm32f10x_usart.o(.text) for USART_SendData
    usart.o(.text) refers to strlen.o(.text) for strlen
    usart.o(.text) refers to stm32f10x_rcc.o(.text) for RCC_APB2PeriphClockCmd
    usart.o(.text) refers to stm32f10x_gpio.o(.text) for GPIO_Init
    usart.o(.text) refers to misc.o(.text) for NVIC_PriorityGroupConfig
    usart.o(.bss) refers (Special) to use_no_semi_2.o(.text) for __use_no_semihosting
    usart.o(.data) refers (Special) to use_no_semi_2.o(.text) for __use_no_semihosting
    bsp_adc.o(.text) refers to stm32f10x_rcc.o(.text) for RCC_APB2PeriphClockCmd
    bsp_adc.o(.text) refers to stm32f10x_gpio.o(.text) for GPIO_Init
[...]
    x$fpl$fretinf                            0x08005ba6   Section       10  fretinf.o(x$fpl$fretinf)
    x$fpl$printf1                            0x08005bb0   Section        4  printf1.o(x$fpl$printf1)
    .constdata                               0x08005bb4   Section     2688  oled0561.o(.constdata)
    x$fpl$usenofp                            0x08005bb4   Section        0  usenofp.o(x$fpl$usenofp)
    .constdata                               0x08006634   Section        8  _printf_wctomb.o(.constdata)
    initial_mbstate                          0x08006634   Data           8  _printf_wctomb.o(.constdata)
    .constdata                               0x0800663c   Section       40  _printf_hex_int_ll_ptr.o(.constdata)
    uc_hextab                                0x0800663c   Data          20  _printf_hex_int_ll_ptr.o(.constdata)
    lc_hextab                                0x08006650   Data          20  _printf_hex_int_ll_ptr.o(.constdata)
    .constdata                               0x08006664   Section       17  __printf_flags_ss_wp.o(.constdata)
    maptable                                 0x08006664   Data          17  __printf_flags_ss_wp.o(.constdata)
    .constdata                               0x08006678   Section      148  bigflt0.o(.constdata)
    tenpwrs_x                                0x08006678   Data          60  bigflt0.o(.constdata)
    tenpwrs_i                                0x080066b4   Data          64  bigflt0.o(.constdata)
    locale$$data                             0x0800672c   Section       28  lc_numeric_c.o(locale$$data)
    __lcnum_c_name                           0x08006730   Data           2  lc_numeric_c.o(locale$$data)
    __lcnum_c_start                          0x08006738   Data           0  lc_numeric_c.o(locale$$data)
    __lcnum_c_point                          0x08006744   Data           0  lc_numeric_c.o(locale$$data)
    __lcnum_c_thousands                      0x08006746   Data           0  lc_numeric_c.o(locale$$data)
    __lcnum_c_grouping                       0x08006747   Data           0  lc_numeric_c.o(locale$$data)
    locale$$data                             0x08006748   Section      272  lc_ctype_c.o(locale$$data)
    __lcnum_c_end                            0x08006748   Data           0  lc_numeric_c.o(locale$$data)
    __lcctype_c_name                         0x0800674c   Data           2  lc_ctype_c.o(locale$$data)
    __lcctype_c_start                        0x08006754   Data           0  lc_ctype_c.o(locale$$data)
    __lcctype_c_end                          0x08006858   Data           0  lc_ctype_c.o(locale$$data)
    .data                                    0x20000000   Section       20  system_stm32f10x.o(.data)
    .data                                    0x20000014   Section       20  stm32f10x_rcc.o(.data)
    APBAHBPrescTable                         0x20000014   Data          16  stm32f10x_rcc.o(.data)
    ADCPrescTable                            0x20000024   Data           4  stm32f10x_rcc.o(.data)
    .data                                    0x20000028   Section       28  main.o(.data)
    .data                                    0x20000044   Section        4  bsp_adc.o(.data)
    .data                                    0x20000048   Section        4  tim.o(.data)
    .bss                                     0x2000004c   Section       96  libspace.o(.bss)
    HEAP                                     0x200000b0   Section      512  startup_stm32f10x_md.o(HEAP)
    Heap_Mem                                 0x200000b0   Data         512  startup_stm32f10x_md.o(HEAP)
    STACK                                    0x200002b0   Section     1024  startup_stm32f10x_md.o(STACK)
    Stack_Mem                                0x200002b0   Data        1024  startup_stm32f10x_md.o(STACK)
    __initial_sp                             0x200006b0   Data           0  startup_stm32f10x_md.o(STACK)

    Global Symbols

    Symbol Name                              Value     Ov Type        Size  Object(Section)

    BuildAttributes$$THM_ISAv4$P$D$K$B$S$PE$A:L22UL41UL21$X:L11$S22US41US21$IEEE1$IW$USESV6$~STKCKD$USESV7$~SHL$OTIME$ROPI$IEEEJ$EBA8$UX$STANDARDLIB$REQ8$PRES8$EABIv2 0x00000000   Number         0  anon$$obj.o ABSOLUTE
    __ARM_use_no_argv                        0x00000000   Number         0  main.o ABSOLUTE
    _printf_flags                            0x00000000   Number         0  printf_stubs.o ABSOLUTE
    _printf_return_value                     0x00000000   Number         0  printf_stubs.o ABSOLUTE
    _printf_sizespec                         0x00000000   Number         0  printf_stubs.o ABSOLUTE
    _printf_widthprec                        0x00000000   Number         0  printf_stubs.o ABSOLUTE
    __ARM_exceptions_init                     - Undefined Weak Reference
    __alloca_initialize                       - Undefined Weak Reference
    __arm_preinit_                            - Undefined Weak Reference
    __cpp_initialize__aeabi_                  - Undefined Weak Reference
    __cxa_finalize                            - Undefined Weak Reference
    __sigvec_lookup                           - Undefined Weak Reference
    _atexit_init                              - Undefined Weak Reference
    _call_atexit_fns                          - Undefined Weak Reference
    _clock_init                               - Undefined Weak Reference
    _fp_trap_init                             - Undefined Weak Reference
    _fp_trap_shutdown                         - Undefined Weak Reference
    _get_lc_collate                           - Undefined Weak Reference
    _get_lc_monetary                          - Undefined Weak Reference
    _get_lc_time                              - Undefined Weak Reference
    _getenv_init                              - Undefined Weak Reference
    _handle_redirection                       - Undefined Weak Reference
    _init_alloc                               - Undefined Weak Reference
    _init_user_alloc                          - Undefined Weak Reference
    _initio                                   - Undefined Weak Reference
    _printf_fp_hex                            - Undefined Weak Reference
    _printf_mbtowc                            - Undefined Weak Reference
    _printf_wc                                - Undefined Weak Reference
    _rand_init                                - Undefined Weak Reference
    _signal_finish                            - Undefined Weak Reference
    _signal_init                              - Undefined Weak Reference
    _terminate_alloc                          - Undefined Weak Reference
    _terminate_user_alloc                     - Undefined Weak Reference
    _terminateio                              - Undefined Weak Reference
    __Vectors_Size                           0x000000ec   Number         0  startup_stm32f10x_md.o ABSOLUTE
    __Vectors                                0x08000000   Data           4  startup_stm32f10x_md.o(RESET)
    __Vectors_End                            0x080000ec   Data           0  startup_stm32f10x_md.o(RESET)
    __main                                   0x080000ed   Thumb Code     8  __main.o(!!!main)
    __scatterload                            0x080000f5   Thumb Code     0  __scatter.o(!!!scatter)
    __scatterload_rt2                        0x080000f5   Thumb Code    44  __scatter.o(!!!scatter)
    __scatterload_rt2_thumb_only             0x080000f5   Thumb Code     0  __scatter.o(!!!scatter)
    __scatterload_null                       0x08000103   Thumb Code     0  __scatter.o(!!!scatter)
    __scatterload_copy                       0x08000129   Thumb Code    26  __scatter_copy.o(!!handler_copy)
    __scatterload_zeroinit                   0x08000145   Thumb Code    28  __scatter_zi.o(!!handler_zi)
    _printf_n                                0x08000161   Thumb Code     0  _printf_n.o(.ARM.Collect$$_printf_percent$$00000001)
    _printf_percent                          0x08000161   Thumb Code     0  _printf_percent.o(.ARM.Collect$$_printf_percent$$00000000)
    _printf_p                                0x08000167   Thumb Code     0  _printf_p.o(.ARM.Collect$$_printf_percent$$00000002)
    _printf_f                                0x0800016d   Thumb Code     0  _printf_f.o(.ARM.Collect$$_printf_percent$$00000003)
    _printf_e                                0x08000173   Thumb Code     0  _printf_e.o(.ARM.Collect$$_printf_percent$$00000004)
    _printf_g                                0x08000179   Thumb Code     0  _printf_g.o(.ARM.Collect$$_printf_percent$$00000005)
    _printf_a                                0x0800017f   Thumb Code     0  _printf_a.o(.ARM.Collect$$_printf_percent$$00000006)
    _printf_ll                               0x08000185   Thumb Code     0  _printf_ll.o(.ARM.Collect$$_printf_percent$$00000007)
    _printf_i                                0x0800018f   Thumb Code     0  _printf_i.o(.ARM.Collect$$_printf_percent$$00000008)
    _printf_d                                0x08000195   Thumb Code     0  _printf_d.o(.ARM.Collect$$_printf_percent$$00000009)
    _printf_u                                0x0800019b   Thumb Code     0  _printf_u.o(.ARM.Collect$$_printf_percent$$0000000A)
    _printf_o                                0x080001a1   Thumb Code     0  _printf_o.o(.ARM.Collect$$_printf_percent$$0000000B)
    _printf_x                                0x080001a7   Thumb Code     0  _printf_x.o(.ARM.Collect$$_printf_percent$$0000000C)
    _printf_lli                              0x080001ad   Thumb Code     0  _printf_lli.o(.ARM.Collect$$_printf_percent$$0000000D)
    _printf_lld                              0x080001b3   Thumb Code     0  _printf_lld.o(.ARM.Collect$$_printf_percent$$0000000E)
    _printf_llu                              0x080001b9   Thumb Code     0  _printf_llu.o(.ARM.Collect$$_printf_percent$$0000000F)
    _printf_llo                              0x080001bf   Thumb Code     0  _printf_llo.o(.ARM.Collect$$_printf_percent$$00000010)
    _printf_llx                              0x080001c5   Thumb Code     0  _printf_llx.o(.ARM.Collect$$_printf_percent$$00000011)
    _printf_l                                0x080001cb   Thumb Code     0  _printf_l.o(.ARM.Collect$$_printf_percent$$00000012)
    _printf_c                                0x080001d5   Thumb Code     0  _printf_c.o(.ARM.Collect$$_printf_percent$$00000013)
    _printf_s                                0x080001db   Thumb Code     0  _printf_s.o(.ARM.Collect$$_printf_percent$$00000014)
    _printf_lc                               0x080001e1   Thumb Code     0  _printf_lc.o(.ARM.Collect$$_printf_percent$$00000015)
    _printf_ls                               0x080001e7   Thumb Code     0  _printf_ls.o(.ARM.Collect$$_printf_percent$$00000016)
    _printf_percent_end                      0x080001ed   Thumb Code     0  _printf_percent_end.o(.ARM.Collect$$_printf_percent$$00000017)
    __rt_lib_init                            0x080001f1   Thumb Code     0  libinit.o(.ARM.Collect$$libinit$$00000000)
    __rt_lib_init_fp_1                       0x080001f3   Thumb Code     0  libinit2.o(.ARM.Collect$$libinit$$00000002)
    __rt_lib_init_heap_1                     0x080001f3   Thumb Code     0  libinit2.o(.ARM.Collect$$libinit$$0000000A)
    __rt_lib_init_lc_common                  0x080001f3   Thumb Code     0  libinit2.o(.ARM.Collect$$libinit$$0000000F)
    __rt_lib_init_preinit_1                  0x080001f3   Thumb Code     0  libinit2.o(.ARM.Collect$$libinit$$00000004)
    __rt_lib_init_rand_1                     0x080001f3   Thumb Code     0  libinit2.o(.ARM.Collect$$libinit$$0000000E)
    __rt_lib_init_user_alloc_1               0x080001f3   Thumb Code     0  libinit2.o(.ARM.Collect$$libinit$$0000000C)
    __rt_lib_init_lc_collate_1               0x080001f9   Thumb Code     0  libinit2.o(.ARM.Collect$$libinit$$00000011)
    __rt_lib_init_lc_ctype_2                 0x080001f9   Thumb Code     0  libinit2.o(.ARM.Collect$$libinit$$00000012)
    __rt_lib_init_lc_ctype_1                 0x08000205   Thumb Code     0  libinit2.o(.ARM.Collect$$libinit$$00000013)
    __rt_lib_init_lc_monetary_1              0x08000205   Thumb Code     0  libinit2.o(.ARM.Collect$$libinit$$00000015)
    __rt_lib_init_lc_numeric_2               0x08000205   Thumb Code     0  libinit2.o(.ARM.Collect$$libinit$$00000016)
    __rt_lib_init_alloca_1                   0x0800020f   Thumb Code     0  libinit2.o(.ARM.Collect$$libinit$$0000002E)
    __rt_lib_init_argv_1                     0x0800020f   Thumb Code     0  libinit2.o(.ARM.Collect$$libinit$$0000002C)
    __rt_lib_init_atexit_1                   0x0800020f   Thumb Code     0  libinit2.o(.ARM.Collect$$libinit$$0000001B)
    __rt_lib_init_clock_1                    0x0800020f   Thumb Code     0  libinit2.o(.ARM.Collect$$libinit$$00000021)
    __rt_lib_init_cpp_1                      0x0800020f   Thumb Code     0  libinit2.o(.ARM.Collect$$libinit$$00000032)
    __rt_lib_init_exceptions_1               0x0800020f   Thumb Code     0  libinit2.o(.ARM.Collect$$libinit$$00000030)
    __rt_lib_init_fp_trap_1                  0x0800020f   Thumb Code     0  libinit2.o(.ARM.Collect$$libinit$$0000001F)
    __rt_lib_init_getenv_1                   0x0800020f   Thumb Code     0  libinit2.o(.ARM.Collect$$libinit$$00000023)
    __rt_lib_init_lc_numeric_1               0x0800020f   Thumb Code     0  libinit2.o(.ARM.Collect$$libinit$$00000017)
    __rt_lib_init_lc_time_1                  0x0800020f   Thumb Code     0  libinit2.o(.ARM.Collect$$libinit$$00000019)
    __rt_lib_init_return                     0x0800020f   Thumb Code     0  libinit2.o(.ARM.Collect$$libinit$$00000033)
    __rt_lib_init_signal_1                   0x0800020f   Thumb Code     0  libinit2.o(.ARM.Collect$$libinit$$0000001D)
    __rt_lib_init_stdio_1                    0x0800020f   Thumb Code     0  libinit2.o(.ARM.Collect$$libinit$$00000025)
    __rt_lib_shutdown                        0x08000211   Thumb Code     0  libshutdown.o(.ARM.Collect$$libshutdown$$00000000)
    __rt_lib_shutdown_cpp_1                  0x08000213   Thumb Code     0  libshutdown2.o(.ARM.Collect$$libshutdown$$00000002)
    __rt_lib_shutdown_fp_trap_1              0x08000213   Thumb Code     0  libshutdown2.o(.ARM.Collect$$libshutdown$$00000007)
    __rt_lib_shutdown_heap_1                 0x08000213   Thumb Code     0  libshutdown2.o(.ARM.Collect$$libshutdown$$0000000F)
    __rt_lib_shutdown_return                 0x08000213   Thumb Code     0  libshutdown2.o(.ARM.Collect$$libshutdown$$00000010)
    __rt_lib_shutdown_signal_1               0x08000213   Thumb Code     0  libshutdown2.o(.ARM.Collect$$libshutdown$$0000000A)
    __rt_lib_shutdown_stdio_1                0x08000213   Thumb Code     0  libshutdown2.o(.ARM.Collect$$libshutdown$$00000004)
    __rt_lib_shutdown_user_alloc_1           0x08000213   Thumb Code     0  libshutdown2.o(.ARM.Collect$$libshutdown$$0000000C)
    __rt_entry                               0x08000215   Thumb Code     0  __rtentry.o(.ARM.Collect$$rtentry$$00000000)
    __rt_entry_presh_1                       0x08000215   Thumb Code     0  __rtentry2.o(.ARM.Collect$$rtentry$$00000002)
    __rt_entry_sh                            0x08000215   Thumb Code     0  __rtentry4.o(.ARM.Collect$$rtentry$$00000004)
    __rt_entry_li                            0x0800021b   Thumb Code     0  __rtentry2.o(.ARM.Collect$$rtentry$$0000000A)
    __rt_entry_postsh_1                      0x0800021b   Thumb Code     0  __rtentry2.o(.ARM.Collect$$rtentry$$00000009)
    __rt_entry_main                          0x0800021f   Thumb Code     0  __rtentry2.o(.ARM.Collect$$rtentry$$0000000D)
    __rt_entry_postli_1                      0x0800021f   Thumb Code     0  __rtentry2.o(.ARM.Collect$$rtentry$$0000000C)
    __rt_exit                                0x08000227   Thumb Code     0  rtexit.o(.ARM.Collect$$rtexit$$00000000)
    __rt_exit_ls                             0x08000229   Thumb Code     0  rtexit2.o(.ARM.Collect$$rtexit$$00000003)
    __rt_exit_prels_1                        0x08000229   Thumb Code     0  rtexit2.o(.ARM.Collect$$rtexit$$00000002)
    __rt_exit_exit                           0x0800022d   Thumb Code     0  rtexit2.o(.ARM.Collect$$rtexit$$00000004)
    SystemInit                               0x08000313   Thumb Code    78  system_stm32f10x.o(.text)
    SystemCoreClockUpdate                    0x08000361   Thumb Code   142  system_stm32f10x.o(.text)
    NVIC_PriorityGroupConfig                 0x08000415   Thumb Code    10  misc.o(.text)
    NVIC_Init                                0x0800041f   Thumb Code   100  misc.o(.text)
    NVIC_SetVectorTable                      0x08000483   Thumb Code    14  misc.o(.text)
    NVIC_SystemLPConfig                      0x08000491   Thumb Code    34  misc.o(.text)
    SysTick_CLKSourceConfig                  0x080004b3   Thumb Code    40  misc.o(.text)
    GPIO_DeInit                              0x080004f1   Thumb Code   172  stm32f10x_gpio.o(.text)
    GPIO_AFIODeInit                          0x0800059d   Thumb Code    20  stm32f10x_gpio.o(.text)
    GPIO_Init                                0x080005b1   Thumb Code   278  stm32f10x_gpio.o(.text)
    GPIO_StructInit                          0x080006c7   Thumb Code    16  stm32f10x_gpio.o(.text)
    GPIO_ReadInputDataBit                    0x080006d7   Thumb Code    18  stm32f10x_gpio.o(.text)
    GPIO_ReadInputData                       0x080006e9   Thumb Code     8  stm32f10x_gpio.o(.text)
    GPIO_ReadOutputDataBit                   0x080006f1   Thumb Code    18  stm32f10x_gpio.o(.text)
    GPIO_ReadOutputData                      0x08000703   Thumb Code     8  stm32f10x_gpio.o(.text)
    GPIO_SetBits                             0x0800070b   Thumb Code     4  stm32f10x_gpio.o(.text)
    GPIO_ResetBits                           0x0800070f   Thumb Code     4  stm32f10x_gpio.o(.text)
    GPIO_WriteBit                            0x08000713   Thumb Code    10  stm32f10x_gpio.o(.text)
    GPIO_Write                               0x0800071d   Thumb Code     4  stm32f10x_gpio.o(.text)
    GPIO_PinLockConfig                       0x08000721   Thumb Code    18  stm32f10x_gpio.o(.text)
    GPIO_EventOutputConfig                   0x08000733   Thumb Code    26  stm32f10x_gpio.o(.text)
    GPIO_EventOutputCmd                      0x0800074d   Thumb Code     6  stm32f10x_gpio.o(.text)
    GPIO_PinRemapConfig                      0x08000753   Thumb Code   138  stm32f10x_gpio.o(.text)
    GPIO_EXTILineConfig                      0x080007dd   Thumb Code    66  stm32f10x_gpio.o(.text)
    GPIO_ETH_MediaInterfaceConfig            0x0800081f   Thumb Code     8  stm32f10x_gpio.o(.text)
    RCC_DeInit                               0x0800084d   Thumb Code    64  stm32f10x_rcc.o(.text)
    RCC_HSEConfig                            0x0800088d   Thumb Code    70  stm32f10x_rcc.o(.text)
    RCC_GetFlagStatus                        0x080008d3   Thumb Code    56  stm32f10x_rcc.o(.text)
    RCC_WaitForHSEStartUp                    0x0800090b   Thumb Code    56  stm32f10x_rcc.o(.text)
    RCC_AdjustHSICalibrationValue            0x08000943   Thumb Code    20  stm32f10x_rcc.o(.text)
    RCC_HSICmd                               0x08000957   Thumb Code     6  stm32f10x_rcc.o(.text)
    RCC_PLLConfig                            0x0800095d   Thumb Code    24  stm32f10x_rcc.o(.text)
    RCC_PLLCmd                               0x08000975   Thumb Code     6  stm32f10x_rcc.o(.text)
    RCC_SYSCLKConfig                         0x0800097b   Thumb Code    18  stm32f10x_rcc.o(.text)
    RCC_GetSYSCLKSource                      0x0800098d   Thumb Code    10  stm32f10x_rcc.o(.text)
    RCC_HCLKConfig                           0x08000997   Thumb Code    18  stm32f10x_rcc.o(.text)
    RCC_PCLK1Config                          0x080009a9   Thumb Code    18  stm32f10x_rcc.o(.text)
    RCC_PCLK2Config                          0x080009bb   Thumb Code    20  stm32f10x_rcc.o(.text)
    RCC_ITConfig                             0x080009cf   Thumb Code    26  stm32f10x_rcc.o(.text)
    RCC_USBCLKConfig                         0x080009e9   Thumb Code     8  stm32f10x_rcc.o(.text)
    RCC_ADCCLKConfig                         0x080009f1   Thumb Code    18  stm32f10x_rcc.o(.text)
    RCC_LSEConfig                            0x08000a03   Thumb Code    50  stm32f10x_rcc.o(.text)
    RCC_LSICmd                               0x08000a35   Thumb Code     6  stm32f10x_rcc.o(.text)
    RCC_RTCCLKConfig                         0x08000a3b   Thumb Code    12  stm32f10x_rcc.o(.text)
    RCC_RTCCLKCmd                            0x08000a47   Thumb Code     8  stm32f10x_rcc.o(.text)
    RCC_GetClocksFreq                        0x08000a4f   Thumb Code   192  stm32f10x_rcc.o(.text)
    RCC_AHBPeriphClockCmd                    0x08000b0f   Thumb Code    26  stm32f10x_rcc.o(.text)
    RCC_APB2PeriphClockCmd                   0x08000b29   Thumb Code    26  stm32f10x_rcc.o(.text)
    RCC_APB1PeriphClockCmd                   0x08000b43   Thumb Code    26  stm32f10x_rcc.o(.text)
    RCC_APB2PeriphResetCmd                   0x08000b5d   Thumb Code    26  stm32f10x_rcc.o(.text)
    RCC_APB1PeriphResetCmd                   0x08000b77   Thumb Code    26  stm32f10x_rcc.o(.text)
    RCC_BackupResetCmd                       0x08000b91   Thumb Code     8  stm32f10x_rcc.o(.text)
    RCC_ClockSecuritySystemCmd               0x08000b99   Thumb Code     6  stm32f10x_rcc.o(.text)
    RCC_MCOConfig                            0x08000b9f   Thumb Code     6  stm32f10x_rcc.o(.text)
    RCC_ClearFlag                            0x08000ba5   Thumb Code    14  stm32f10x_rcc.o(.text)
    RCC_GetITStatus                          0x08000bb3   Thumb Code    20  stm32f10x_rcc.o(.text)
    RCC_ClearITPendingBit                    0x08000bc7   Thumb Code     6  stm32f10x_rcc.o(.text)
    USART_DeInit                             0x08000bf1   Thumb Code   134  stm32f10x_usart.o(.text)
    USART_Init                               0x08000c77   Thumb Code   210  stm32f10x_usart.o(.text)
    USART_StructInit                         0x08000d49   Thumb Code    24  stm32f10x_usart.o(.text)
    USART_ClockInit                          0x08000d61   Thumb Code    34  stm32f10x_usart.o(.text)
    USART_ClockStructInit                    0x08000d83   Thumb Code    12  stm32f10x_usart.o(.text)
    USART_Cmd                                0x08000d8f   Thumb Code    24  stm32f10x_usart.o(.text)
    USART_ITConfig                           0x08000da7   Thumb Code    74  stm32f10x_usart.o(.text)
    USART_DMACmd                             0x08000df1   Thumb Code    18  stm32f10x_usart.o(.text)
    USART_SetAddress                         0x08000e03   Thumb Code    18  stm32f10x_usart.o(.text)
    USART_WakeUpConfig                       0x08000e15   Thumb Code    18  stm32f10x_usart.o(.text)
    USART_ReceiverWakeUpCmd                  0x08000e27   Thumb Code    24  stm32f10x_usart.o(.text)
    USART_LINBreakDetectLengthConfig         0x08000e3f   Thumb Code    18  stm32f10x_usart.o(.text)
    USART_LINCmd                             0x08000e51   Thumb Code    24  stm32f10x_usart.o(.text)
    USART_SendData                           0x08000e69   Thumb Code     8  stm32f10x_usart.o(.text)
    USART_ReceiveData                        0x08000e71   Thumb Code    10  stm32f10x_usart.o(.text)
    USART_SendBreak                          0x08000e7b   Thumb Code    10  stm32f10x_usart.o(.text)
    USART_SetGuardTime                       0x08000e85   Thumb Code    16  stm32f10x_usart.o(.text)
    USART_SetPrescaler                       0x08000e95   Thumb Code    16  stm32f10x_usart.o(.text)
    USART_SmartCardCmd                       0x08000ea5   Thumb Code    24  stm32f10x_usart.o(.text)
    USART_SmartCardNACKCmd                   0x08000ebd   Thumb Code    24  stm32f10x_usart.o(.text)
    USART_HalfDuplexCmd                      0x08000ed5   Thumb Code    24  stm32f10x_usart.o(.text)
    USART_OverSampling8Cmd                   0x08000eed   Thumb Code    22  stm32f10x_usart.o(.text)
    USART_OneBitMethodCmd                    0x08000f03   Thumb Code    24  stm32f10x_usart.o(.text)
    USART_IrDAConfig                         0x08000f1b   Thumb Code    18  stm32f10x_usart.o(.text)
    USART_IrDACmd                            0x08000f2d   Thumb Code    24  stm32f10x_usart.o(.text)
    USART_GetFlagStatus                      0x08000f45   Thumb Code    26  stm32f10x_usart.o(.text)
    USART_ClearFlag                          0x08000f5f   Thumb Code    18  stm32f10x_usart.o(.text)
    USART_GetITStatus                        0x08000f71   Thumb Code    84  stm32f10x_usart.o(.text)
    USART_ClearITPendingBit                  0x08000fc5   Thumb Code    52  stm32f10x_usart.o(.text)
    FLASH_SetLatency                         0x08000ff9   Thumb Code    18  stm32f10x_flash.o(.text)
    FLASH_HalfCycleAccessCmd                 0x0800100b   Thumb Code    22  stm32f10x_flash.o(.text)
    FLASH_PrefetchBufferCmd                  0x08001021   Thumb Code    22  stm32f10x_flash.o(.text)
    FLASH_Unlock                             0x08001037   Thumb Code    12  stm32f10x_flash.o(.text)
    FLASH_UnlockBank1                        0x08001043   Thumb Code    12  stm32f10x_flash.o(.text)
    FLASH_Lock                               0x0800104f   Thumb Code    14  stm32f10x_flash.o(.text)
    FLASH_LockBank1                          0x0800105d   Thumb Code    14  stm32f10x_flash.o(.text)
    FLASH_GetBank1Status                     0x0800106b   Thumb Code    48  stm32f10x_flash.o(.text)
    FLASH_WaitForLastOperation               0x0800109b   Thumb Code    38  stm32f10x_flash.o(.text)
    FLASH_ErasePage                          0x080010c1   Thumb Code    72  stm32f10x_flash.o(.text)
    FLASH_EraseAllPages                      0x08001109   Thumb Code    68  stm32f10x_flash.o(.text)
    FLASH_WaitForLastBank1Operation          0x0800114d   Thumb Code    38  stm32f10x_flash.o(.text)
    FLASH_EraseAllBank1Pages                 0x08001173   Thumb Code    68  stm32f10x_flash.o(.text)
    FLASH_GetReadOutProtectionStatus         0x080011b7   Thumb Code    20  stm32f10x_flash.o(.text)
    FLASH_EraseOptionBytes                   0x080011cb   Thumb Code   150  stm32f10x_flash.o(.text)
    FLASH_ProgramWord                        0x08001261   Thumb Code   102  stm32f10x_flash.o(.text)
    FLASH_ProgramHalfWord                    0x080012c7   Thumb Code    60  stm32f10x_flash.o(.text)
    FLASH_ProgramOptionByteData              0x08001303   Thumb Code    72  stm32f10x_flash.o(.text)
    FLASH_EnableWriteProtection              0x0800134b   Thumb Code   200  stm32f10x_flash.o(.text)
    FLASH_ReadOutProtection                  0x08001413   Thumb Code   156  stm32f10x_flash.o(.text)
    FLASH_UserOptionByteConfig               0x080014af   Thumb Code    88  stm32f10x_flash.o(.text)
    FLASH_GetUserOptionByte                  0x08001507   Thumb Code     8  stm32f10x_flash.o(.text)
    FLASH_GetWriteProtectionOptionByte       0x0800150f   Thumb Code     6  stm32f10x_flash.o(.text)
    FLASH_GetPrefetchBufferStatus            0x08001515   Thumb Code    20  stm32f10x_flash.o(.text)
    FLASH_ITConfig                           0x08001529   Thumb Code    26  stm32f10x_flash.o(.text)
    FLASH_GetFlagStatus                      0x08001543   Thumb Code    42  stm32f10x_flash.o(.text)
    FLASH_ClearFlag                          0x0800156d   Thumb Code     6  stm32f10x_flash.o(.text)
    FLASH_GetStatus                          0x08001573   Thumb Code    48  stm32f10x_flash.o(.text)
    I2C_DeInit                               0x080015b5   Thumb Code    50  stm32f10x_i2c.o(.text)
    I2C_Init                                 0x080015e7   Thumb Code   222  stm32f10x_i2c.o(.text)
    I2C_StructInit                           0x080016c5   Thumb Code    30  stm32f10x_i2c.o(.text)
    I2C_Cmd                                  0x080016e3   Thumb Code    24  stm32f10x_i2c.o(.text)
    I2C_DMACmd                               0x080016fb   Thumb Code    24  stm32f10x_i2c.o(.text)
    I2C_DMALastTransferCmd                   0x08001713   Thumb Code    24  stm32f10x_i2c.o(.text)
    I2C_GenerateSTART                        0x0800172b   Thumb Code    24  stm32f10x_i2c.o(.text)
    I2C_GenerateSTOP                         0x08001743   Thumb Code    24  stm32f10x_i2c.o(.text)
    I2C_AcknowledgeConfig                    0x0800175b   Thumb Code    24  stm32f10x_i2c.o(.text)
    I2C_OwnAddress2Config                    0x08001773   Thumb Code    22  stm32f10x_i2c.o(.text)
    I2C_DualAddressCmd                       0x08001789   Thumb Code    24  stm32f10x_i2c.o(.text)
    I2C_GeneralCallCmd                       0x080017a1   Thumb Code    24  stm32f10x_i2c.o(.text)
    I2C_ITConfig                             0x080017b9   Thumb Code    18  stm32f10x_i2c.o(.text)
    I2C_SendData                             0x080017cb   Thumb Code     4  stm32f10x_i2c.o(.text)
    I2C_ReceiveData                          0x080017cf   Thumb Code     8  stm32f10x_i2c.o(.text)
    I2C_Send7bitAddress                      0x080017d7   Thumb Code    18  stm32f10x_i2c.o(.text)
    I2C_ReadRegister                         0x080017e9   Thumb Code    22  stm32f10x_i2c.o(.text)
    I2C_SoftwareResetCmd                     0x080017ff   Thumb Code    22  stm32f10x_i2c.o(.text)
    I2C_NACKPositionConfig                   0x08001815   Thumb Code    28  stm32f10x_i2c.o(.text)
    I2C_SMBusAlertConfig                     0x08001831   Thumb Code    28  stm32f10x_i2c.o(.text)
    I2C_TransmitPEC                          0x0800184d   Thumb Code    24  stm32f10x_i2c.o(.text)
    I2C_PECPositionConfig                    0x08001865   Thumb Code    28  stm32f10x_i2c.o(.text)
    I2C_CalculatePEC                         0x08001881   Thumb Code    24  stm32f10x_i2c.o(.text)
    I2C_GetPEC                               0x08001899   Thumb Code     8  stm32f10x_i2c.o(.text)
    I2C_ARPCmd                               0x080018a1   Thumb Code    24  stm32f10x_i2c.o(.text)
    I2C_StretchClockCmd                      0x080018b9   Thumb Code    24  stm32f10x_i2c.o(.text)
    I2C_FastModeDutyCycleConfig              0x080018d1   Thumb Code    28  stm32f10x_i2c.o(.text)
    I2C_CheckEvent                           0x080018ed   Thumb Code    42  stm32f10x_i2c.o(.text)
    I2C_GetLastEvent                         0x08001917   Thumb Code    26  stm32f10x_i2c.o(.text)
    I2C_GetFlagStatus                        0x08001931   Thumb Code    58  stm32f10x_i2c.o(.text)
    I2C_ClearFlag                            0x0800196b   Thumb Code    12  stm32f10x_i2c.o(.text)
    I2C_GetITStatus                          0x08001977   Thumb Code    54  stm32f10x_i2c.o(.text)
    I2C_ClearITPendingBit                    0x080019ad   Thumb Code    12  stm32f10x_i2c.o(.text)
    ADC_DeInit                               0x080019b9   Thumb Code    78  stm32f10x_adc.o(.text)
    ADC_Init                                 0x08001a07   Thumb Code    70  stm32f10x_adc.o(.text)
    ADC_StructInit                           0x08001a4d   Thumb Code    18  stm32f10x_adc.o(.text)
    ADC_Cmd                                  0x08001a5f   Thumb Code    22  stm32f10x_adc.o(.text)
    ADC_DMACmd                               0x08001a75   Thumb Code    22  stm32f10x_adc.o(.text)
    ADC_ITConfig                             0x08001a8b   Thumb Code    24  stm32f10x_adc.o(.text)
    ADC_ResetCalibration                     0x08001aa3   Thumb Code    10  stm32f10x_adc.o(.text)
    ADC_GetResetCalibrationStatus            0x08001aad   Thumb Code    20  stm32f10x_adc.o(.text)
    ADC_StartCalibration                     0x08001ac1   Thumb Code    10  stm32f10x_adc.o(.text)
    ADC_GetCalibrationStatus                 0x08001acb   Thumb Code    20  stm32f10x_adc.o(.text)
    ADC_SoftwareStartConvCmd                 0x08001adf   Thumb Code    22  stm32f10x_adc.o(.text)
    ADC_GetSoftwareStartConvStatus           0x08001af5   Thumb Code    20  stm32f10x_adc.o(.text)
    ADC_DiscModeChannelCountConfig           0x08001b09   Thumb Code    24  stm32f10x_adc.o(.text)
    ADC_DiscModeCmd                          0x08001b21   Thumb Code    22  stm32f10x_adc.o(.text)
    ADC_RegularChannelConfig                 0x08001b37   Thumb Code   184  stm32f10x_adc.o(.text)
    ADC_ExternalTrigConvCmd                  0x08001bef   Thumb Code    22  stm32f10x_adc.o(.text)
    ADC_GetConversionValue                   0x08001c05   Thumb Code     8  stm32f10x_adc.o(.text)
    ADC_GetDualModeConversionValue           0x08001c0d   Thumb Code     8  stm32f10x_adc.o(.text)
    ADC_AutoInjectedConvCmd                  0x08001c15   Thumb Code    22  stm32f10x_adc.o(.text)
    ADC_InjectedDiscModeCmd                  0x08001c2b   Thumb Code    22  stm32f10x_adc.o(.text)
    ADC_ExternalTrigInjectedConvConfig       0x08001c41   Thumb Code    16  stm32f10x_adc.o(.text)
    ADC_ExternalTrigInjectedConvCmd          0x08001c51   Thumb Code    22  stm32f10x_adc.o(.text)
    ADC_SoftwareStartInjectedConvCmd         0x08001c67   Thumb Code    22  stm32f10x_adc.o(.text)
    ADC_GetSoftwareStartInjectedConvCmdStatus 0x08001c7d   Thumb Code    20  stm32f10x_adc.o(.text)
    ADC_InjectedChannelConfig                0x08001c91   Thumb Code   130  stm32f10x_adc.o(.text)
    ADC_InjectedSequencerLengthConfig        0x08001d13   Thumb Code    24  stm32f10x_adc.o(.text)
    ADC_SetInjectedOffset                    0x08001d2b   Thumb Code    20  stm32f10x_adc.o(.text)
    ADC_GetInjectedConversionValue           0x08001d3f   Thumb Code    28  stm32f10x_adc.o(.text)
    ADC_AnalogWatchdogCmd                    0x08001d5b   Thumb Code    16  stm32f10x_adc.o(.text)
    ADC_AnalogWatchdogThresholdsConfig       0x08001d6b   Thumb Code     6  stm32f10x_adc.o(.text)
    ADC_AnalogWatchdogSingleChannelConfig    0x08001d71   Thumb Code    16  stm32f10x_adc.o(.text)
    ADC_TempSensorVrefintCmd                 0x08001d81   Thumb Code    64  stm32f10x_adc.o(.text)
    ADC_GetFlagStatus                        0x08001dc1   Thumb Code    18  stm32f10x_adc.o(.text)
    ADC_ClearFlag                            0x08001dd3   Thumb Code     6  stm32f10x_adc.o(.text)
    ADC_GetITStatus                          0x08001dd9   Thumb Code    36  stm32f10x_adc.o(.text)
    ADC_ClearITPendingBit                    0x08001dfd   Thumb Code    10  stm32f10x_adc.o(.text)
    DMA_DeInit                               0x08001e09   Thumb Code   324  stm32f10x_dma.o(.text)
    DMA_Init                                 0x08001f4d   Thumb Code    60  stm32f10x_dma.o(.text)
    DMA_StructInit                           0x08001f89   Thumb Code    26  stm32f10x_dma.o(.text)
    DMA_Cmd                                  0x08001fa3   Thumb Code    24  stm32f10x_dma.o(.text)
    DMA_ITConfig                             0x08001fbb   Thumb Code    18  stm32f10x_dma.o(.text)
    DMA_SetCurrDataCounter                   0x08001fcd   Thumb Code     4  stm32f10x_dma.o(.text)
    DMA_GetCurrDataCounter                   0x08001fd1   Thumb Code     8  stm32f10x_dma.o(.text)
    DMA_GetFlagStatus                        0x08001fd9   Thumb Code    40  stm32f10x_dma.o(.text)
    DMA_ClearFlag                            0x08002001   Thumb Code    22  stm32f10x_dma.o(.text)
    DMA_GetITStatus                          0x08002017   Thumb Code    40  stm32f10x_dma.o(.text)
    DMA_ClearITPendingBit                    0x0800203f   Thumb Code    22  stm32f10x_dma.o(.text)
    TIM_DeInit                               0x0800205d   Thumb Code   424  stm32f10x_tim.o(.text)
    TIM_TimeBaseInit                         0x08002205   Thumb Code   122  stm32f10x_tim.o(.text)
    TIM_OC1Init                              0x0800227f   Thumb Code   132  stm32f10x_tim.o(.text)
    TIM_OC2Init                              0x08002303   Thumb Code   154  stm32f10x_tim.o(.text)
    TIM_OC3Init                              0x0800239d   Thumb Code   150  stm32f10x_tim.o(.text)
    TIM_OC4Init                              0x08002433   Thumb Code   182  stm32f10x_tim.o(.text)
    TIM_SetIC4Prescaler                      0x080024e9   Thumb Code    26  stm32f10x_tim.o(.text)
    TIM_SetIC3Prescaler                      0x08002585   Thumb Code    18  stm32f10x_tim.o(.text)
    TIM_SetIC2Prescaler                      0x08002611   Thumb Code    26  stm32f10x_tim.o(.text)
    TIM_SetIC1Prescaler                      0x080026ad   Thumb Code    18  stm32f10x_tim.o(.text)
    TIM_ICInit                               0x0800272b   Thumb Code   150  stm32f10x_tim.o(.text)
    TIM_PWMIConfig                           0x080027c1   Thumb Code   124  stm32f10x_tim.o(.text)
    TIM_BDTRConfig                           0x0800283d   Thumb Code    32  stm32f10x_tim.o(.text)
    TIM_TimeBaseStructInit                   0x0800285d   Thumb Code    18  stm32f10x_tim.o(.text)
    TIM_OCStructInit                         0x0800286f   Thumb Code    20  stm32f10x_tim.o(.text)
    TIM_ICStructInit                         0x08002883   Thumb Code    18  stm32f10x_tim.o(.text)
    TIM_BDTRStructInit                       0x08002895   Thumb Code    40  stm32f10x_tim.o(.text)
    TIM_Cmd                                  0x080028bd   Thumb Code    24  stm32f10x_tim.o(.text)
    TIM_CtrlPWMOutputs                       0x080028d5   Thumb Code    30  stm32f10x_tim.o(.text)
    TIM_ITConfig                             0x080028f3   Thumb Code    18  stm32f10x_tim.o(.text)
    TIM_GenerateEvent                        0x08002905   Thumb Code     4  stm32f10x_tim.o(.text)
    TIM_DMAConfig                            0x08002909   Thumb Code    10  stm32f10x_tim.o(.text)
    TIM_DMACmd                               0x08002913   Thumb Code    18  stm32f10x_tim.o(.text)
    TIM_InternalClockConfig                  0x08002925   Thumb Code    12  stm32f10x_tim.o(.text)
    TIM_SelectInputTrigger                   0x08002931   Thumb Code    18  stm32f10x_tim.o(.text)
    TIM_ITRxExternalClockConfig              0x08002943   Thumb Code    24  stm32f10x_tim.o(.text)
    TIM_TIxExternalClockConfig               0x0800295b   Thumb Code    62  stm32f10x_tim.o(.text)
    TIM_ETRConfig                            0x08002999   Thumb Code    28  stm32f10x_tim.o(.text)
    TIM_ETRClockMode1Config                  0x080029b5   Thumb Code    54  stm32f10x_tim.o(.text)
    TIM_ETRClockMode2Config                  0x080029eb   Thumb Code    32  stm32f10x_tim.o(.text)
    TIM_PrescalerConfig                      0x08002a0b   Thumb Code     6  stm32f10x_tim.o(.text)
    TIM_CounterModeConfig                    0x08002a11   Thumb Code    18  stm32f10x_tim.o(.text)
    TIM_EncoderInterfaceConfig               0x08002a23   Thumb Code    66  stm32f10x_tim.o(.text)
    TIM_ForcedOC1Config                      0x08002a65   Thumb Code    18  stm32f10x_tim.o(.text)
    TIM_ForcedOC2Config                      0x08002a77   Thumb Code    26  stm32f10x_tim.o(.text)
    TIM_ForcedOC3Config                      0x08002a91   Thumb Code    18  stm32f10x_tim.o(.text)
    TIM_ForcedOC4Config                      0x08002aa3   Thumb Code    26  stm32f10x_tim.o(.text)
    TIM_ARRPreloadConfig                     0x08002abd   Thumb Code    24  stm32f10x_tim.o(.text)
    TIM_SelectCOM                            0x08002ad5   Thumb Code    24  stm32f10x_tim.o(.text)
    TIM_SelectCCDMA                          0x08002aed   Thumb Code    24  stm32f10x_tim.o(.text)
    TIM_CCPreloadControl                     0x08002b05   Thumb Code    24  stm32f10x_tim.o(.text)
    TIM_OC1PreloadConfig                     0x08002b1d   Thumb Code    18  stm32f10x_tim.o(.text)
    TIM_OC2PreloadConfig                     0x08002b2f   Thumb Code    26  stm32f10x_tim.o(.text)
    TIM_OC3PreloadConfig                     0x08002b49   Thumb Code    18  stm32f10x_tim.o(.text)
    TIM_OC4PreloadConfig                     0x08002b5b   Thumb Code    26  stm32f10x_tim.o(.text)
    TIM_OC1FastConfig                        0x08002b75   Thumb Code    18  stm32f10x_tim.o(.text)
    TIM_OC2FastConfig                        0x08002b87   Thumb Code    26  stm32f10x_tim.o(.text)
    TIM_OC3FastConfig                        0x08002ba1   Thumb Code    18  stm32f10x_tim.o(.text)
    TIM_OC4FastConfig                        0x08002bb3   Thumb Code    26  stm32f10x_tim.o(.text)
    TIM_ClearOC1Ref                          0x08002bcd   Thumb Code    18  stm32f10x_tim.o(.text)
    TIM_ClearOC2Ref                          0x08002bdf   Thumb Code    24  stm32f10x_tim.o(.text)
    TIM_ClearOC3Ref                          0x08002bf7   Thumb Code    18  stm32f10x_tim.o(.text)
    TIM_ClearOC4Ref                          0x08002c09   Thumb Code    24  stm32f10x_tim.o(.text)
    TIM_OC1PolarityConfig                    0x08002c21   Thumb Code    18  stm32f10x_tim.o(.text)
    TIM_OC1NPolarityConfig                   0x08002c33   Thumb Code    18  stm32f10x_tim.o(.text)
    TIM_OC2PolarityConfig                    0x08002c45   Thumb Code    26  stm32f10x_tim.o(.text)
    TIM_OC2NPolarityConfig                   0x08002c5f   Thumb Code    26  stm32f10x_tim.o(.text)
    TIM_OC3PolarityConfig                    0x08002c79   Thumb Code    26  stm32f10x_tim.o(.text)
    TIM_OC3NPolarityConfig                   0x08002c93   Thumb Code    26  stm32f10x_tim.o(.text)
    TIM_OC4PolarityConfig                    0x08002cad   Thumb Code    26  stm32f10x_tim.o(.text)
    TIM_CCxCmd                               0x08002cc7   Thumb Code    30  stm32f10x_tim.o(.text)
    TIM_CCxNCmd                              0x08002ce5   Thumb Code    30  stm32f10x_tim.o(.text)
    TIM_SelectOCxM                           0x08002d03   Thumb Code    82  stm32f10x_tim.o(.text)
    TIM_UpdateDisableConfig                  0x08002d55   Thumb Code    24  stm32f10x_tim.o(.text)
    TIM_UpdateRequestConfig                  0x08002d6d   Thumb Code    24  stm32f10x_tim.o(.text)
    TIM_SelectHallSensor                     0x08002d85   Thumb Code    24  stm32f10x_tim.o(.text)
    TIM_SelectOnePulseMode                   0x08002d9d   Thumb Code    18  stm32f10x_tim.o(.text)
    TIM_SelectOutputTrigger                  0x08002daf   Thumb Code    18  stm32f10x_tim.o(.text)
    TIM_SelectSlaveMode                      0x08002dc1   Thumb Code    18  stm32f10x_tim.o(.text)
    TIM_SelectMasterSlaveMode                0x08002dd3   Thumb Code    18  stm32f10x_tim.o(.text)
    TIM_SetCounter                           0x08002de5   Thumb Code     4  stm32f10x_tim.o(.text)
    TIM_SetAutoreload                        0x08002de9   Thumb Code     4  stm32f10x_tim.o(.text)
    TIM_SetCompare1                          0x08002ded   Thumb Code     4  stm32f10x_tim.o(.text)
    TIM_SetCompare2                          0x08002df1   Thumb Code     4  stm32f10x_tim.o(.text)
    TIM_SetCompare3                          0x08002df5   Thumb Code     4  stm32f10x_tim.o(.text)
    TIM_SetCompare4                          0x08002df9   Thumb Code     6  stm32f10x_tim.o(.text)
    TIM_SetClockDivision                     0x08002dff   Thumb Code    18  stm32f10x_tim.o(.text)
    TIM_GetCapture1                          0x08002e11   Thumb Code     6  stm32f10x_tim.o(.text)
    TIM_GetCapture2                          0x08002e17   Thumb Code     6  stm32f10x_tim.o(.text)
    TIM_GetCapture3                          0x08002e1d   Thumb Code     6  stm32f10x_tim.o(.text)
    TIM_GetCapture4                          0x08002e23   Thumb Code     8  stm32f10x_tim.o(.text)
    TIM_GetCounter                           0x08002e2b   Thumb Code     6  stm32f10x_tim.o(.text)
    TIM_GetPrescaler                         0x08002e31   Thumb Code     6  stm32f10x_tim.o(.text)
    TIM_GetFlagStatus                        0x08002e37   Thumb Code    18  stm32f10x_tim.o(.text)
    TIM_ClearFlag                            0x08002e49   Thumb Code     6  stm32f10x_tim.o(.text)
    TIM_GetITStatus                          0x08002e4f   Thumb Code    34  stm32f10x_tim.o(.text)
    TIM_ClearITPendingBit                    0x08002e71   Thumb Code     6  stm32f10x_tim.o(.text)
    Reset_Handler                            0x08002e79   Thumb Code     8  startup_stm32f10x_md.o(.text)
    ADC1_2_IRQHandler                        0x08002e93   Thumb Code     0  startup_stm32f10x_md.o(.text)
    CAN1_RX1_IRQHandler                      0x08002e93   Thumb Code     0  startup_stm32f10x_md.o(.text)
    CAN1_SCE_IRQHandler                      0x08002e93   Thumb Code     0  startup_stm32f10x_md.o(.text)
    DMA1_Channel1_IRQHandler                 0x08002e93   Thumb Code     0  startup_stm32f10x_md.o(.text)
    DMA1_Channel2_IRQHandler                 0x08002e93   Thumb Code     0  startup_stm32f10x_md.o(.text)
    DMA1_Channel3_IRQHandler                 0x08002e93   Thumb Code     0  startup_stm32f10x_md.o(.text)
    DMA1_Channel4_IRQHandler                 0x08002e93   Thumb Code     0  startup_stm32f10x_md.o(.text)
    DMA1_Channel5_IRQHandler                 0x08002e93   Thumb Code     0  startup_stm32f10x_md.o(.text)
    DMA1_Channel6_IRQHandler                 0x08002e93   Thumb Code     0  startup_stm32f10x_md.o(.text)
    DMA1_Channel7_IRQHandler                 0x08002e93   Thumb Code     0  startup_stm32f10x_md.o(.text)
    EXTI0_IRQHandler                         0x08002e93   Thumb Code     0  startup_stm32f10x_md.o(.text)
    EXTI15_10_IRQHandler                     0x08002e93   Thumb Code     0  startup_stm32f10x_md.o(.text)
    EXTI1_IRQHandler                         0x08002e93   Thumb Code     0  startup_stm32f10x_md.o(.text)
    EXTI2_IRQHandler                         0x08002e93   Thumb Code     0  startup_stm32f10x_md.o(.text)
    EXTI3_IRQHandler                         0x08002e93   Thumb Code     0  startup_stm32f10x_md.o(.text)
    EXTI4_IRQHandler                         0x08002e93   Thumb Code     0  startup_stm32f10x_md.o(.text)
    EXTI9_5_IRQHandler                       0x08002e93   Thumb Code     0  startup_stm32f10x_md.o(.text)
    FLASH_IRQHandler                         0x08002e93   Thumb Code     0  startup_stm32f10x_md.o(.text)
    I2C1_ER_IRQHandler                       0x08002e93   Thumb Code     0  startup_stm32f10x_md.o(.text)
    I2C1_EV_IRQHandler                       0x08002e93   Thumb Code     0  startup_stm32f10x_md.o(.text)
    I2C2_ER_IRQHandler                       0x08002e93   Thumb Code     0  startup_stm32f10x_md.o(.text)
    I2C2_EV_IRQHandler                       0x08002e93   Thumb Code     0  startup_stm32f10x_md.o(.text)
    PVD_IRQHandler                           0x08002e93   Thumb Code     0  startup_stm32f10x_md.o(.text)
    RCC_IRQHandler                           0x08002e93   Thumb Code     0  startup_stm32f10x_md.o(.text)
    RTCAlarm_IRQHandler                      0x08002e93   Thumb Code     0  startup_stm32f10x_md.o(.text)
    RTC_IRQHandler                           0x08002e93   Thumb Code     0  startup_stm32f10x_md.o(.text)
    SPI1_IRQHandler                          0x08002e93   Thumb Code     0  startup_stm32f10x_md.o(.text)
    SPI2_IRQHandler                          0x08002e93   Thumb Code     0  startup_stm32f10x_md.o(.text)
    TAMPER_IRQHandler                        0x08002e93   Thumb Code     0  startup_stm32f10x_md.o(.text)
    TIM1_BRK_IRQHandler                      0x08002e93   Thumb Code     0  startup_stm32f10x_md.o(.text)
    TIM1_CC_IRQHandler                       0x08002e93   Thumb Code     0  startup_stm32f10x_md.o(.text)
    TIM1_TRG_COM_IRQHandler                  0x08002e93   Thumb Code     0  startup_stm32f10x_md.o(.text)
    TIM1_UP_IRQHandler                       0x08002e93   Thumb Code     0  startup_stm32f10x_md.o(.text)
    TIM2_IRQHandler                          0x08002e93   Thumb Code     0  startup_stm32f10x_md.o(.text)
    TIM4_IRQHandler                          0x08002e93   Thumb Code     0  startup_stm32f10x_md.o(.text)
    USART1_IRQHandler                        0x08002e93   Thumb Code     0  startup_stm32f10x_md.o(.text)
    USART2_IRQHandler                        0x08002e93   Thumb Code     0  startup_stm32f10x_md.o(.text)
    USBWakeUp_IRQHandler                     0x08002e93   Thumb Code     0  startup_stm32f10x_md.o(.text)
    USB_HP_CAN1_TX_IRQHandler                0x08002e93   Thumb Code     0  startup_stm32f10x_md.o(.text)
    USB_LP_CAN1_RX0_IRQHandler               0x08002e93   Thumb Code     0  startup_stm32f10x_md.o(.text)
    WWDG_IRQHandler                          0x08002e93   Thumb Code     0  startup_stm32f10x_md.o(.text)
    __user_initial_stackheap                 0x08002e95   Thumb Code     0  startup_stm32f10x_md.o(.text)
    main                                     0x08002eb9   Thumb Code   698  main.o(.text)
    NMI_Handler                              0x080031e9   Thumb Code     2  stm32f10x_it.o(.text)
    HardFault_Handler                        0x080031eb   Thumb Code     4  stm32f10x_it.o(.text)
    MemManage_Handler                        0x080031ef   Thumb Code     4  stm32f10x_it.o(.text)
    BusFault_Handler                         0x080031f3   Thumb Code     4  stm32f10x_it.o(.text)
    UsageFault_Handler                       0x080031f7   Thumb Code     4  stm32f10x_it.o(.text)
    SVC_Handler                              0x080031fb   Thumb Code     2  stm32f10x_it.o(.text)
    DebugMon_Handler                         0x080031fd   Thumb Code     2  stm32f10x_it.o(.text)
    PendSV_Handler                           0x080031ff   Thumb Code     2  stm32f10x_it.o(.text)
    SysTick_Handler                          0x08003201   Thumb Code     2  stm32f10x_it.o(.text)
    delay_us                                 0x08003203   Thumb Code    46  delay.o(.text)
    delay_ms                                 0x08003231   Thumb Code    26  delay.o(.text)
    delay_s                                  0x0800324b   Thumb Code    26  delay.o(.text)
    NVIC_Configuration                       0x08003265   Thumb Code    12  sys.o(.text)
    RCC_Configuration                        0x08003271   Thumb Code   108  sys.o(.text)
    I2C_GPIO_Init                            0x080032dd   Thumb Code    46  i2c.o(.text)
    I2C_Configuration                        0x0800330b   Thumb Code    62  i2c.o(.text)
    I2C_SAND_BUFFER                          0x08003349   Thumb Code   132  i2c.o(.text)
    I2C_SAND_BYTE                            0x080033cd   Thumb Code   112  i2c.o(.text)
    I2C_READ_BUFFER                          0x0800343d   Thumb Code   218  i2c.o(.text)
    I2C_READ_BYTE                            0x08003517   Thumb Code   176  i2c.o(.text)
    _sys_exit                                0x080035dd   Thumb Code     4  usart.o(.text)
    fputc                                    0x080035e1   Thumb Code    24  usart.o(.text)
    USART3_printf                            0x080035f9   Thumb Code    82  usart.o(.text)
    USART3_Init                              0x0800364b   Thumb Code   162  usart.o(.text)
    USART3_IRQHandler                        0x080036ed   Thumb Code     2  usart.o(.text)
    ADCx_Init                                0x0800380d   Thumb Code    12  bsp_adc.o(.text)
    TIM3_NVIC_Init                           0x08003829   Thumb Code    32  tim.o(.text)
    TIM3_Init                                0x08003849   Thumb Code    64  tim.o(.text)
    TIM3_IRQHandler                          0x08003889   Thumb Code    54  tim.o(.text)
    OLED_DISPLAY_ON                          0x080038c9   Thumb Code    30  oled0561.o(.text)
    OLED_DISPLAY_CLEAR                       0x080038e7   Thumb Code    68  oled0561.o(.text)
    OLED_DISPLAY_OFF                         0x0800392b   Thumb Code    22  oled0561.o(.text)
    OLED0561_Init                            0x08003941   Thumb Code    16  oled0561.o(.text)
    OLED_DISPLAY_LIT                         0x08003951   Thumb Code    26  oled0561.o(.text)
    OLED_DISPLAY_8x16                        0x0800396b   Thumb Code   150  oled0561.o(.text)
    OLED_DISPLAY_8x16_BUFFER                 0x08003a01   Thumb Code    36  oled0561.o(.text)
    OLED_DISPLAY_16x16                       0x08003a25   Thumb Code   152  oled0561.o(.text)
    OLED_DISPLAY_PIC1                        0x08003abd   Thumb Code    78  oled0561.o(.text)
    AD9850_Delay                             0x08003b39   Thumb Code    10  ad9850.o(.text)
    AD9850_Reset_Sreial                      0x08003b43   Thumb Code   138  ad9850.o(.text)
    AD9850_Write_Serial                      0x08003bcd   Thumb Code   372  ad9850.o(.text)
    Init_AD9850                              0x08003d41   Thumb Code    34  ad9850.o(.text)
    AD9850_2_Delay                           0x08003d69   Thumb Code    10  ad9850_2.o(.text)
    AD9850_2_Reset_Sreial                    0x08003d73   Thumb Code   154  ad9850_2.o(.text)
    AD9850_2_Write_Serial                    0x08003e0d   Thumb Code   394  ad9850_2.o(.text)
    Init_AD9850_2                            0x08003f97   Thumb Code    36  ad9850_2.o(.text)
    __use_no_semihosting                     0x08003fc1   Thumb Code     2  use_no_semi_2.o(.text)
    __c89vsnprintf                           0x08003fc5   Thumb Code    48  c89vsnprintf.o(.text)
    strlen                                   0x08003ff9   Thumb Code    62  strlen.o(.text)
    __aeabi_memcpy4                          0x08004037   Thumb Code     0  rt_memcpy_w.o(.text)
    __aeabi_memcpy8                          0x08004037   Thumb Code     0  rt_memcpy_w.o(.text)
    __rt_memcpy_w                            0x08004037   Thumb Code   100  rt_memcpy_w.o(.text)
    _memcpy_lastbytes_aligned                0x0800407f   Thumb Code     0  rt_memcpy_w.o(.text)
    __use_two_region_memory                  0x0800409b   Thumb Code     2  heapauxi.o(.text)
    __rt_heap_escrow$2region                 0x0800409d   Thumb Code     2  heapauxi.o(.text)
    __rt_heap_expand$2region                 0x0800409f   Thumb Code     2  heapauxi.o(.text)
    __I$use$semihosting                      0x080040a1   Thumb Code     0  use_no_semi.o(.text)
    __use_no_semihosting_swi                 0x080040a1   Thumb Code     2  use_no_semi.o(.text)
    _printf_pre_padding                      0x080040a3   Thumb Code    44  _printf_pad.o(.text)
    _printf_post_padding                     0x080040cf   Thumb Code    34  _printf_pad.o(.text)
    _printf_truncate_signed                  0x080040f1   Thumb Code    18  _printf_truncate.o(.text)
    _printf_truncate_unsigned                0x08004103   Thumb Code    18  _printf_truncate.o(.text)
    _printf_str                              0x08004115   Thumb Code    82  _printf_str.o(.text)
    _printf_int_dec                          0x08004169   Thumb Code   104  _printf_dec.o(.text)
    _printf_charcount                        0x080041e1   Thumb Code    40  _printf_charcount.o(.text)
    _printf_char_common                      0x08004213   Thumb Code    32  _printf_char_common.o(.text)
    _sputc                                   0x08004239   Thumb Code    10  _sputc.o(.text)
    _snputc                                  0x08004243   Thumb Code    16  _snputc.o(.text)
    _printf_wctomb                           0x08004255   Thumb Code   182  _printf_wctomb.o(.text)
    _printf_longlong_dec                     0x08004311   Thumb Code   108  _printf_longlong_dec.o(.text)
    _printf_longlong_oct                     0x0800438d   Thumb Code    66  _printf_oct_int_ll.o(.text)
    _printf_int_oct                          0x080043cf   Thumb Code    24  _printf_oct_int_ll.o(.text)
    _printf_ll_oct                           0x080043e7   Thumb Code    12  _printf_oct_int_ll.o(.text)
    _printf_longlong_hex                     0x080043fd   Thumb Code    86  _printf_hex_int_ll_ptr.o(.text)
    _printf_int_hex                          0x08004453   Thumb Code    28  _printf_hex_int_ll_ptr.o(.text)
    _printf_ll_hex                           0x0800446f   Thumb Code    12  _printf_hex_int_ll_ptr.o(.text)
    _printf_hex_ptr                          0x0800447b   Thumb Code    18  _printf_hex_int_ll_ptr.o(.text)
    __printf                                 0x08004491   Thumb Code   388  __printf_flags_ss_wp.o(.text)
    _ll_udiv10                               0x08004619   Thumb Code   138  lludiv10.o(.text)
    _printf_int_common                       0x080046a3   Thumb Code   178  _printf_intcommon.o(.text)
    __lib_sel_fp_printf                      0x08004755   Thumb Code     2  _printf_fp_dec.o(.text)
    _printf_fp_dec_real                      0x08004907   Thumb Code   620  _printf_fp_dec.o(.text)
    _printf_cs_common                        0x08004b73   Thumb Code    20  _printf_char.o(.text)
    _printf_char                             0x08004b87   Thumb Code    16  _printf_char.o(.text)
    _printf_string                           0x08004b97   Thumb Code     8  _printf_char.o(.text)
    _printf_lcs_common                       0x08004b9f   Thumb Code    20  _printf_wchar.o(.text)
    _printf_wchar                            0x08004bb3   Thumb Code    16  _printf_wchar.o(.text)
    _printf_wstring                          0x08004bc3   Thumb Code     8  _printf_wchar.o(.text)
    _wcrtomb                                 0x08004bcb   Thumb Code    64  _wcrtomb.o(.text)
    __user_setup_stackheap                   0x08004c0b   Thumb Code    74  sys_stackheap_outer.o(.text)
    __rt_ctype_table                         0x08004c55   Thumb Code    16  rt_ctype_table.o(.text)
    __rt_locale                              0x08004c65   Thumb Code     8  rt_locale_intlibspace.o(.text)
    _printf_fp_infnan                        0x08004c6d   Thumb Code   112  _printf_fp_infnan.o(.text)
    _btod_etento                             0x08004ced   Thumb Code   224  bigflt0.o(.text)
    exit                                     0x08004dd1   Thumb Code    18  exit.o(.text)
    __user_libspace                          0x08004de5   Thumb Code     8  libspace.o(.text)
    __user_perproc_libspace                  0x08004de5   Thumb Code     0  libspace.o(.text)
    __user_perthread_libspace                0x08004de5   Thumb Code     0  libspace.o(.text)
    strcmp                                   0x08004ded   Thumb Code   128  strcmpv7m.o(.text)
    _btod_d2e                                0x08004e6d   Thumb Code    62  btod.o(CL$$btod_d2e)
    _d2e_denorm_low                          0x08004eab   Thumb Code    70  btod.o(CL$$btod_d2e_denorm_low)
    _d2e_norm_op1                            0x08004ef1   Thumb Code    96  btod.o(CL$$btod_d2e_norm_op1)
    __btod_div_common                        0x08004f51   Thumb Code   696  btod.o(CL$$btod_div_common)
    _e2e                                     0x08005289   Thumb Code   220  btod.o(CL$$btod_e2e)
    _btod_ediv                               0x08005365   Thumb Code    42  btod.o(CL$$btod_ediv)
    _btod_emul                               0x0800538f   Thumb Code    42  btod.o(CL$$btod_emul)
    __btod_mult_common                       0x080053b9   Thumb Code   580  btod.o(CL$$btod_mult_common)
    __ARM_fpclassify                         0x080055fd   Thumb Code    40  fpclassify.o(i.__ARM_fpclassify)
    _is_digit                                0x08005625   Thumb Code    14  __printf_wp.o(i._is_digit)
    _get_lc_numeric                          0x08005635   Thumb Code    44  lc_numeric_c.o(locale$$code)
    _get_lc_ctype                            0x08005661   Thumb Code    44  lc_ctype_c.o(locale$$code)
    __fpl_dcmp_Inf                           0x0800568d   Thumb Code    24  dcmpi.o(x$fpl$dcmpinf)
    __aeabi_cdcmple                          0x080056a5   Thumb Code     0  dleqf.o(x$fpl$dleqf)
    _dcmple                                  0x080056a5   Thumb Code   120  dleqf.o(x$fpl$dleqf)
    __fpl_dcmple_InfNaN                      0x08005707   Thumb Code     0  dleqf.o(x$fpl$dleqf)
    __aeabi_dmul                             0x0800571d   Thumb Code     0  dmul.o(x$fpl$dmul)
    _dmul                                    0x0800571d   Thumb Code   332  dmul.o(x$fpl$dmul)
    __fpl_dnaninf                            0x08005871   Thumb Code   156  dnaninf.o(x$fpl$dnaninf)
    __fpl_dretinf                            0x0800590d   Thumb Code    12  dretinf.o(x$fpl$dretinf)
    __aeabi_f2d                              0x08005919   Thumb Code     0  f2d.o(x$fpl$f2d)
    _f2d                                     0x08005919   Thumb Code    86  f2d.o(x$fpl$f2d)
    __aeabi_fdiv                             0x08005971   Thumb Code     0  fdiv.o(x$fpl$fdiv)
    _fdiv                                    0x08005971   Thumb Code   384  fdiv.o(x$fpl$fdiv)
    __aeabi_ui2f                             0x08005af5   Thumb Code     0  fflt_clz.o(x$fpl$ffltu)
    _ffltu                                   0x08005af5   Thumb Code    38  fflt_clz.o(x$fpl$ffltu)
    __fpl_fnaninf                            0x08005b1b   Thumb Code   140  fnaninf.o(x$fpl$fnaninf)
    __fpl_fretinf                            0x08005ba7   Thumb Code    10  fretinf.o(x$fpl$fretinf)
    _printf_fp_dec                           0x08005bb1   Thumb Code     4  printf1.o(x$fpl$printf1)
    ASCII_8x16                               0x08005bb4   Data        1536  oled0561.o(.constdata)
    __I$use$fp                               0x08005bb4   Number         0  usenofp.o(x$fpl$usenofp)
    GB_16                                    0x080061b4   Data         128  oled0561.o(.constdata)
    PIC1                                     0x08006234   Data        1024  oled0561.o(.constdata)
    Region$$Table$$Base                      0x0800670c   Number         0  anon$$obj.o(Region$$Table)
    Region$$Table$$Limit                     0x0800672c   Number         0  anon$$obj.o(Region$$Table)
    __ctype                                  0x08006755   Data           0  lc_ctype_c.o(locale$$data)
    SystemCoreClock                          0x20000000   Data           4  system_stm32f10x.o(.data)
    AHBPrescTable                            0x20000004   Data          16  system_stm32f10x.o(.data)
    juli                                     0x20000028   Data           4  main.o(.data)
    i                                        0x2000002c   Data           4  main.o(.data)
    second1                                  0x20000030   Data           2  main.o(.data)
    minutes1                                 0x20000032   Data           1  main.o(.data)
    second2                                  0x20000034   Data           2  main.o(.data)
    minutes2                                 0x20000036   Data           1  main.o(.data)
    times                                    0x20000038   Data           2  main.o(.data)
    ADC_ConvertedValueLocal                  0x2000003c   Data           8  main.o(.data)
    ADC_ConvertedValue                       0x20000044   Data           4  bsp_adc.o(.data)
    t                                        0x20000048   Data           4  tim.o(.data)
    __libspace_start                         0x2000004c   Data          96  libspace.o(.bss)
    __temporary_stack_top$libspace           0x200000ac   Data           0  libspace.o(.bss)



==============================================================================

Memory Map of the image

  Image Entry point : 0x080000ed

  Load Region LR_IROM1 (Base: 0x08000000, Size: 0x000068a4, Max: 0x00010000, ABSOLUTE)

    Execution Region ER_IROM1 (Exec base: 0x08000000, Load base: 0x08000000, Size: 0x00006858, Max: 0x00010000, ABSOLUTE)

    Exec Addr    Load Addr    Size         Type   Attr      Idx    E Section Name        Object

    0x08000000   0x08000000   0x000000ec   Data   RO          297    RESET               startup_stm32f10x_md.o
    0x080000ec   0x080000ec   0x00000008   Code   RO          971  * !!!main             c_w.l(__main.o)
    0x080000f4   0x080000f4   0x00000034   Code   RO         1321    !!!scatter          c_w.l(__scatter.o)
    0x08000128   0x08000128   0x0000001a   Code   RO         1323    !!handler_copy      c_w.l(__scatter_copy.o)
    0x08000142   0x08000142   0x00000002   PAD
    0x08000144   0x08000144   0x0000001c   Code   RO         1325    !!handler_zi        c_w.l(__scatter_zi.o)
    0x08000160   0x08000160   0x00000000   Code   RO         1087    .ARM.Collect$$_printf_percent$$00000000  c_w.l(_printf_percent.o)
    0x08000160   0x08000160   0x00000006   Code   RO         1076    .ARM.Collect$$_printf_percent$$00000001  c_w.l(_printf_n.o)
    0x08000166   0x08000166   0x00000006   Code   RO         1078    .ARM.Collect$$_printf_percent$$00000002  c_w.l(_printf_p.o)
    0x0800016c   0x0800016c   0x00000006   Code   RO         1083    .ARM.Collect$$_printf_percent$$00000003  c_w.l(_printf_f.o)
    0x08000172   0x08000172   0x00000006   Code   RO         1084    .ARM.Collect$$_printf_percent$$00000004  c_w.l(_printf_e.o)
    0x08000178   0x08000178   0x00000006   Code   RO         1085    .ARM.Collect$$_printf_percent$$00000005  c_w.l(_printf_g.o)
    0x0800017e   0x0800017e   0x00000006   Code   RO         1086    .ARM.Collect$$_printf_percent$$00000006  c_w.l(_printf_a.o)
    0x08000184   0x08000184   0x0000000a   Code   RO         1091    .ARM.Collect$$_printf_percent$$00000007  c_w.l(_printf_ll.o)
    0x0800018e   0x0800018e   0x00000006   Code   RO         1080    .ARM.Collect$$_printf_percent$$00000008  c_w.l(_printf_i.o)
    0x08000194   0x08000194   0x00000006   Code   RO         1081    .ARM.Collect$$_printf_percent$$00000009  c_w.l(_printf_d.o)
    0x0800019a   0x0800019a   0x00000006   Code   RO         1082    .ARM.Collect$$_printf_percent$$0000000A  c_w.l(_printf_u.o)
    0x080001a0   0x080001a0   0x00000006   Code   RO         1079    .ARM.Collect$$_printf_percent$$0000000B  c_w.l(_printf_o.o)
    0x080001a6   0x080001a6   0x00000006   Code   RO         1077    .ARM.Collect$$_printf_percent$$0000000C  c_w.l(_printf_x.o)
    0x080001ac   0x080001ac   0x00000006   Code   RO         1088    .ARM.Collect$$_printf_percent$$0000000D  c_w.l(_printf_lli.o)
    0x080001b2   0x080001b2   0x00000006   Code   RO         1089    .ARM.Collect$$_printf_percent$$0000000E  c_w.l(_printf_lld.o)
    0x080001b8   0x080001b8   0x00000006   Code   RO         1090    .ARM.Collect$$_printf_percent$$0000000F  c_w.l(_printf_llu.o)
    0x080001be   0x080001be   0x00000006   Code   RO         1095    .ARM.Collect$$_printf_percent$$00000010  c_w.l(_printf_llo.o)
    0x080001c4   0x080001c4   0x00000006   Code   RO         1096    .ARM.Collect$$_printf_percent$$00000011  c_w.l(_printf_llx.o)
    0x080001ca   0x080001ca   0x0000000a   Code   RO         1092    .ARM.Collect$$_printf_percent$$00000012  c_w.l(_printf_l.o)
    0x080001d4   0x080001d4   0x00000006   Code   RO         1074    .ARM.Collect$$_printf_percent$$00000013  c_w.l(_printf_c.o)
    0x080001da   0x080001da   0x00000006   Code   RO         1075    .ARM.Collect$$_printf_percent$$00000014  c_w.l(_printf_s.o)
    0x080001e0   0x080001e0   0x00000006   Code   RO         1093    .ARM.Collect$$_printf_percent$$00000015  c_w.l(_printf_lc.o)
    0x080001e6   0x080001e6   0x00000006   Code   RO         1094    .ARM.Collect$$_printf_percent$$00000016  c_w.l(_printf_ls.o)
    0x080001ec   0x080001ec   0x00000004   Code   RO         1137    .ARM.Collect$$_printf_percent$$00000017  c_w.l(_printf_percent_end.o)
    0x080001f0   0x080001f0   0x00000002   Code   RO         1186    .ARM.Collect$$libinit$$00000000  c_w.l(libinit.o)
    0x080001f2   0x080001f2   0x00000000   Code   RO         1202    .ARM.Collect$$libinit$$00000002  c_w.l(libinit2.o)
    0x080001f2   0x080001f2   0x00000000   Code   RO         1204    .ARM.Collect$$libinit$$00000004  c_w.l(libinit2.o)
    0x080001f2   0x080001f2   0x00000000   Code   RO         1207    .ARM.Collect$$libinit$$0000000A  c_w.l(libinit2.o)
    0x080001f2   0x080001f2   0x00000000   Code   RO         1209    .ARM.Collect$$libinit$$0000000C  c_w.l(libinit2.o)
    0x080001f2   0x080001f2   0x00000000   Code   RO         1211    .ARM.Collect$$libinit$$0000000E  c_w.l(libinit2.o)
    0x080001f2   0x080001f2   0x00000006   Code   RO         1212    .ARM.Collect$$libinit$$0000000F  c_w.l(libinit2.o)
    0x080001f8   0x080001f8   0x00000000   Code   RO         1214    .ARM.Collect$$libinit$$00000011  c_w.l(libinit2.o)
    0x080001f8   0x080001f8   0x0000000c   Code   RO         1215    .ARM.Collect$$libinit$$00000012  c_w.l(libinit2.o)
    0x08000204   0x08000204   0x00000000   Code   RO         1216    .ARM.Collect$$libinit$$00000013  c_w.l(libinit2.o)
    0x08000204   0x08000204   0x00000000   Code   RO         1218    .ARM.Collect$$libinit$$00000015  c_w.l(libinit2.o)
    0x08000204   0x08000204   0x0000000a   Code   RO         1219    .ARM.Collect$$libinit$$00000016  c_w.l(libinit2.o)
    0x0800020e   0x0800020e   0x00000000   Code   RO         1220    .ARM.Collect$$libinit$$00000017  c_w.l(libinit2.o)
    0x0800020e   0x0800020e   0x00000000   Code   RO         1222    .ARM.Collect$$libinit$$00000019  c_w.l(libinit2.o)
    0x0800020e   0x0800020e   0x00000000   Code   RO         1224    .ARM.Collect$$libinit$$0000001B  c_w.l(libinit2.o)
    0x0800020e   0x0800020e   0x00000000   Code   RO         1226    .ARM.Collect$$libinit$$0000001D  c_w.l(libinit2.o)
    0x0800020e   0x0800020e   0x00000000   Code   RO         1228    .ARM.Collect$$libinit$$0000001F  c_w.l(libinit2.o)
    0x0800020e   0x0800020e   0x00000000   Code   RO         1230    .ARM.Collect$$libinit$$00000021  c_w.l(libinit2.o)
    0x0800020e   0x0800020e   0x00000000   Code   RO         1232    .ARM.Collect$$libinit$$00000023  c_w.l(libinit2.o)
    0x0800020e   0x0800020e   0x00000000   Code   RO         1234    .ARM.Collect$$libinit$$00000025  c_w.l(libinit2.o)
    0x0800020e   0x0800020e   0x00000000   Code   RO         1238    .ARM.Collect$$libinit$$0000002C  c_w.l(libinit2.o)
    0x0800020e   0x0800020e   0x00000000   Code   RO         1240    .ARM.Collect$$libinit$$0000002E  c_w.l(libinit2.o)
    0x0800020e   0x0800020e   0x00000000   Code   RO         1242    .ARM.Collect$$libinit$$00000030  c_w.l(libinit2.o)
    0x0800020e   0x0800020e   0x00000000   Code   RO         1244    .ARM.Collect$$libinit$$00000032  c_w.l(libinit2.o)
    0x0800020e   0x0800020e   0x00000002   Code   RO         1245    .ARM.Collect$$libinit$$00000033  c_w.l(libinit2.o)
    0x08000210   0x08000210   0x00000002   Code   RO         1263    .ARM.Collect$$libshutdown$$00000000  c_w.l(libshutdown.o)
    0x08000212   0x08000212   0x00000000   Code   RO         1273    .ARM.Collect$$libshutdown$$00000002  c_w.l(libshutdown2.o)
    0x08000212   0x08000212   0x00000000   Code   RO         1275    .ARM.Collect$$libshutdown$$00000004  c_w.l(libshutdown2.o)
    0x08000212   0x08000212   0x00000000   Code   RO         1278    .ARM.Collect$$libshutdown$$00000007  c_w.l(libshutdown2.o)
    0x08000212   0x08000212   0x00000000   Code   RO         1281    .ARM.Collect$$libshutdown$$0000000A  c_w.l(libshutdown2.o)
    0x08000212   0x08000212   0x00000000   Code   RO         1283    .ARM.Collect$$libshutdown$$0000000C  c_w.l(libshutdown2.o)
    0x08000212   0x08000212   0x00000000   Code   RO         1286    .ARM.Collect$$libshutdown$$0000000F  c_w.l(libshutdown2.o)
    0x08000212   0x08000212   0x00000002   Code   RO         1287    .ARM.Collect$$libshutdown$$00000010  c_w.l(libshutdown2.o)
    0x08000214   0x08000214   0x00000000   Code   RO         1003    .ARM.Collect$$rtentry$$00000000  c_w.l(__rtentry.o)
    0x08000214   0x08000214   0x00000000   Code   RO         1111    .ARM.Collect$$rtentry$$00000002  c_w.l(__rtentry2.o)
    0x08000214   0x08000214   0x00000006   Code   RO         1123    .ARM.Collect$$rtentry$$00000004  c_w.l(__rtentry4.o)
    0x0800021a   0x0800021a   0x00000000   Code   RO         1113    .ARM.Collect$$rtentry$$00000009  c_w.l(__rtentry2.o)
    0x0800021a   0x0800021a   0x00000004   Code   RO         1114    .ARM.Collect$$rtentry$$0000000A  c_w.l(__rtentry2.o)
    0x0800021e   0x0800021e   0x00000000   Code   RO         1116    .ARM.Collect$$rtentry$$0000000C  c_w.l(__rtentry2.o)
    0x0800021e   0x0800021e   0x00000008   Code   RO         1117    .ARM.Collect$$rtentry$$0000000D  c_w.l(__rtentry2.o)
    0x08000226   0x08000226   0x00000002   Code   RO         1194    .ARM.Collect$$rtexit$$00000000  c_w.l(rtexit.o)
    0x08000228   0x08000228   0x00000000   Code   RO         1247    .ARM.Collect$$rtexit$$00000002  c_w.l(rtexit2.o)
    0x08000228   0x08000228   0x00000004   Code   RO         1248    .ARM.Collect$$rtexit$$00000003  c_w.l(rtexit2.o)
    0x0800022c   0x0800022c   0x00000006   Code   RO         1249    .ARM.Collect$$rtexit$$00000004  c_w.l(rtexit2.o)
    0x08000232   0x08000232   0x00000002   PAD
    0x08000234   0x08000234   0x000001e0   Code   RO           17    .text               system_stm32f10x.o
    0x08000414   0x08000414   0x000000dc   Code   RO          114    .text               misc.o
    0x080004f0   0x080004f0   0x0000035c   Code   RO          149    .text               stm32f10x_gpio.o
    0x0800084c   0x0800084c   0x000003a4   Code   RO          161    .text               stm32f10x_rcc.o
    0x08000bf0   0x08000bf0   0x00000408   Code   RO          175    .text               stm32f10x_usart.o
    0x08000ff8   0x08000ff8   0x000005bc   Code   RO          223    .text               stm32f10x_flash.o
    0x080015b4   0x080015b4   0x00000404   Code   RO          235    .text               stm32f10x_i2c.o
    0x080019b8   0x080019b8   0x0000044e   Code   RO          247    .text               stm32f10x_adc.o
    0x08001e06   0x08001e06   0x00000002   PAD
    0x08001e08   0x08001e08   0x00000254   Code   RO          259    .text               stm32f10x_dma.o
    0x0800205c   0x0800205c   0x00000e1a   Code   RO          271    .text               stm32f10x_tim.o
    0x08002e76   0x08002e76   0x00000002   PAD
    0x08002e78   0x08002e78   0x00000040   Code   RO          298    .text               startup_stm32f10x_md.o
    0x08002eb8   0x08002eb8   0x00000330   Code   RO          302    .text               main.o
    0x080031e8   0x080031e8   0x0000001a   Code   RO          447    .text               stm32f10x_it.o
    0x08003202   0x08003202   0x00000062   Code   RO          462    .text               delay.o
    0x08003264   0x08003264   0x00000078   Code   RO          480    .text               sys.o
    0x080032dc   0x080032dc   0x00000300   Code   RO          578    .text               i2c.o
    0x080035dc   0x080035dc   0x00000120   Code   RO          626    .text               usart.o
    0x080036fc   0x080036fc   0x0000012c   Code   RO          663    .text               bsp_adc.o
    0x08003828   0x08003828   0x000000a0   Code   RO          681    .text               tim.o
    0x080038c8   0x080038c8   0x00000270   Code   RO          861    .text               oled0561.o
    0x08003b38   0x08003b38   0x00000230   Code   RO          904    .text               ad9850.o
    0x08003d68   0x08003d68   0x00000258   Code   RO          919    .text               ad9850_2.o
    0x08003fc0   0x08003fc0   0x00000002   Code   RO          961    .text               c_w.l(use_no_semi_2.o)
    0x08003fc2   0x08003fc2   0x00000002   PAD
    0x08003fc4   0x08003fc4   0x00000034   Code   RO          963    .text               c_w.l(c89vsnprintf.o)
    0x08003ff8   0x08003ff8   0x0000003e   Code   RO          965    .text               c_w.l(strlen.o)
    0x08004036   0x08004036   0x00000064   Code   RO          967    .text               c_w.l(rt_memcpy_w.o)
    0x0800409a   0x0800409a   0x00000006   Code   RO          969    .text               c_w.l(heapauxi.o)
    0x080040a0   0x080040a0   0x00000002   Code   RO         1001    .text               c_w.l(use_no_semi.o)
    0x080040a2   0x080040a2   0x0000004e   Code   RO         1006    .text               c_w.l(_printf_pad.o)
    0x080040f0   0x080040f0   0x00000024   Code   RO         1008    .text               c_w.l(_printf_truncate.o)
    0x08004114   0x08004114   0x00000052   Code   RO         1010    .text               c_w.l(_printf_str.o)
    0x08004166   0x08004166   0x00000002   PAD
    0x08004168   0x08004168   0x00000078   Code   RO         1012    .text               c_w.l(_printf_dec.o)
    0x080041e0   0x080041e0   0x00000028   Code   RO         1014    .text               c_w.l(_printf_charcount.o)
    0x08004208   0x08004208   0x00000030   Code   RO         1016    .text               c_w.l(_printf_char_common.o)
    0x08004238   0x08004238   0x0000000a   Code   RO         1018    .text               c_w.l(_sputc.o)
    0x08004242   0x08004242   0x00000010   Code   RO         1020    .text               c_w.l(_snputc.o)
    0x08004252   0x08004252   0x00000002   PAD
    0x08004254   0x08004254   0x000000bc   Code   RO         1022    .text               c_w.l(_printf_wctomb.o)
    0x08004310   0x08004310   0x0000007c   Code   RO         1025    .text               c_w.l(_printf_longlong_dec.o)
    0x0800438c   0x0800438c   0x00000070   Code   RO         1031    .text               c_w.l(_printf_oct_int_ll.o)
    0x080043fc   0x080043fc   0x00000094   Code   RO         1051    .text               c_w.l(_printf_hex_int_ll_ptr.o)
    0x08004490   0x08004490   0x00000188   Code   RO         1071    .text               c_w.l(__printf_flags_ss_wp.o)
    0x08004618   0x08004618   0x0000008a   Code   RO         1125    .text               c_w.l(lludiv10.o)
    0x080046a2   0x080046a2   0x000000b2   Code   RO         1127    .text               c_w.l(_printf_intcommon.o)
    0x08004754   0x08004754   0x0000041e   Code   RO         1129    .text               c_w.l(_printf_fp_dec.o)
    0x08004b72   0x08004b72   0x0000002c   Code   RO         1133    .text               c_w.l(_printf_char.o)
    0x08004b9e   0x08004b9e   0x0000002c   Code   RO         1135    .text               c_w.l(_printf_wchar.o)
    0x08004bca   0x08004bca   0x00000040   Code   RO         1138    .text               c_w.l(_wcrtomb.o)
    0x08004c0a   0x08004c0a   0x0000004a   Code   RO         1140    .text               c_w.l(sys_stackheap_outer.o)
    0x08004c54   0x08004c54   0x00000010   Code   RO         1142    .text               c_w.l(rt_ctype_table.o)
    0x08004c64   0x08004c64   0x00000008   Code   RO         1147    .text               c_w.l(rt_locale_intlibspace.o)
    0x08004c6c   0x08004c6c   0x00000080   Code   RO         1149    .text               c_w.l(_printf_fp_infnan.o)
    0x08004cec   0x08004cec   0x000000e4   Code   RO         1151    .text               c_w.l(bigflt0.o)
    0x08004dd0   0x08004dd0   0x00000012   Code   RO         1179    .text               c_w.l(exit.o)
    0x08004de2   0x08004de2   0x00000002   PAD
    0x08004de4   0x08004de4   0x00000008   Code   RO         1191    .text               c_w.l(libspace.o)
    0x08004dec   0x08004dec   0x00000080   Code   RO         1199    .text               c_w.l(strcmpv7m.o)
    0x08004e6c   0x08004e6c   0x0000003e   Code   RO         1154    CL$$btod_d2e        c_w.l(btod.o)
    0x08004eaa   0x08004eaa   0x00000046   Code   RO         1156    CL$$btod_d2e_denorm_low  c_w.l(btod.o)
    0x08004ef0   0x08004ef0   0x00000060   Code   RO         1155    CL$$btod_d2e_norm_op1  c_w.l(btod.o)
    0x08004f50   0x08004f50   0x00000338   Code   RO         1164    CL$$btod_div_common  c_w.l(btod.o)
    0x08005288   0x08005288   0x000000dc   Code   RO         1161    CL$$btod_e2e        c_w.l(btod.o)
    0x08005364   0x08005364   0x0000002a   Code   RO         1158    CL$$btod_ediv       c_w.l(btod.o)
    0x0800538e   0x0800538e   0x0000002a   Code   RO         1157    CL$$btod_emul       c_w.l(btod.o)
    0x080053b8   0x080053b8   0x00000244   Code   RO         1163    CL$$btod_mult_common  c_w.l(btod.o)
    0x080055fc   0x080055fc   0x00000028   Code   RO         1189    i.__ARM_fpclassify  m_ws.l(fpclassify.o)
    0x08005624   0x08005624   0x0000000e   Code   RO         1064    i._is_digit         c_w.l(__printf_wp.o)
    0x08005632   0x08005632   0x00000002   PAD
    0x08005634   0x08005634   0x0000002c   Code   RO         1177    locale$$code        c_w.l(lc_numeric_c.o)
    0x08005660   0x08005660   0x0000002c   Code   RO         1197    locale$$code        c_w.l(lc_ctype_c.o)
    0x0800568c   0x0800568c   0x00000018   Code   RO         1097    x$fpl$dcmpinf       fz_ws.l(dcmpi.o)
    0x080056a4   0x080056a4   0x00000078   Code   RO          979    x$fpl$dleqf         fz_ws.l(dleqf.o)
    0x0800571c   0x0800571c   0x00000154   Code   RO          981    x$fpl$dmul          fz_ws.l(dmul.o)
    0x08005870   0x08005870   0x0000009c   Code   RO         1099    x$fpl$dnaninf       fz_ws.l(dnaninf.o)
    0x0800590c   0x0800590c   0x0000000c   Code   RO         1101    x$fpl$dretinf       fz_ws.l(dretinf.o)
    0x08005918   0x08005918   0x00000056   Code   RO          983    x$fpl$f2d           fz_ws.l(f2d.o)
    0x0800596e   0x0800596e   0x00000002   PAD
    0x08005970   0x08005970   0x00000184   Code   RO          986    x$fpl$fdiv          fz_ws.l(fdiv.o)
    0x08005af4   0x08005af4   0x00000026   Code   RO          993    x$fpl$ffltu         fz_ws.l(fflt_clz.o)
    0x08005b1a   0x08005b1a   0x0000008c   Code   RO         1103    x$fpl$fnaninf       fz_ws.l(fnaninf.o)
    0x08005ba6   0x08005ba6   0x0000000a   Code   RO         1105    x$fpl$fretinf       fz_ws.l(fretinf.o)
    0x08005bb0   0x08005bb0   0x00000004   Code   RO         1107    x$fpl$printf1       fz_ws.l(printf1.o)
    0x08005bb4   0x08005bb4   0x00000000   Code   RO         1109    x$fpl$usenofp       fz_ws.l(usenofp.o)
    0x08005bb4   0x08005bb4   0x00000a80   Data   RO          862    .constdata          oled0561.o
    0x08006634   0x08006634   0x00000008   Data   RO         1023    .constdata          c_w.l(_printf_wctomb.o)
    0x0800663c   0x0800663c   0x00000028   Data   RO         1052    .constdata          c_w.l(_printf_hex_int_ll_ptr.o)
    0x08006664   0x08006664   0x00000011   Data   RO         1072    .constdata          c_w.l(__printf_flags_ss_wp.o)
    0x08006675   0x08006675   0x00000003   PAD
    0x08006678   0x08006678   0x00000094   Data   RO         1152    .constdata          c_w.l(bigflt0.o)
    0x0800670c   0x0800670c   0x00000020   Data   RO         1319    Region$$Table       anon$$obj.o
    0x0800672c   0x0800672c   0x0000001c   Data   RO         1176    locale$$data        c_w.l(lc_numeric_c.o)
    0x08006748   0x08006748   0x00000110   Data   RO         1196    locale$$data        c_w.l(lc_ctype_c.o)


    Execution Region RW_IRAM1 (Exec base: 0x20000000, Load base: 0x08006858, Size: 0x000006b0, Max: 0x00005000, ABSOLUTE)

    Exec Addr    Load Addr    Size         Type   Attr      Idx    E Section Name        Object

    0x20000000   0x08006858   0x00000014   Data   RW           18    .data               system_stm32f10x.o
    0x20000014   0x0800686c   0x00000014   Data   RW          162    .data               stm32f10x_rcc.o
    0x20000028   0x08006880   0x0000001c   Data   RW          304    .data               main.o
    0x20000044   0x0800689c   0x00000004   Data   RW          664    .data               bsp_adc.o
    0x20000048   0x080068a0   0x00000004   Data   RW          682    .data               tim.o
    0x2000004c        -       0x00000060   Zero   RW         1192    .bss                c_w.l(libspace.o)
    0x200000ac   0x080068a4   0x00000004   PAD
    0x200000b0        -       0x00000200   Zero   RW          296    HEAP                startup_stm32f10x_md.o
    0x200002b0        -       0x00000400   Zero   RW          295    STACK               startup_stm32f10x_md.o


==============================================================================

Image component sizes


      Code (inc. data)   RO Data    RW Data    ZI Data      Debug   Object Name

       560          6          0          0          0       1499   ad9850.o
       600          6          0          0          0       1519   ad9850_2.o
       300         16          0          4          0       1597   bsp_adc.o
         0          0          0          0          0       4540   core_cm3.o
        98          0          0          0          0        896   delay.o
       768         22          0          0          0       2578   i2c.o
       816        118          0         28          0     204071   main.o
       220         22          0          0          0     214337   misc.o
       624         46       2688          0          0       4169   oled0561.o
        64         26        236          0       1536        816   startup_stm32f10x_md.o
      1102         26          0          0          0      11065   stm32f10x_adc.o
       596          8          0          0          0       4386   stm32f10x_dma.o
      1468         34          0          0          0       8230   stm32f10x_flash.o
       860         38          0          0          0       5761   stm32f10x_gpio.o
      1028         16          0          0          0       9247   stm32f10x_i2c.o
        26          0          0          0          0       1250   stm32f10x_it.o
       932         36          0         20          0       8976   stm32f10x_rcc.o
      3610         88          0          0          0      22868   stm32f10x_tim.o
      1032         22          0          0          0       8480   stm32f10x_usart.o
       120          0          0          0          0     218847   sys.o
       480         38          0         20          0      69723   system_stm32f10x.o
       160         10          0          4          0     225059   tim.o
       288         14          0          0          0       3940   usart.o

    ----------------------------------------------------------------------
     15756        592       2956         76       1536    1033854   Object Totals
         0          0         32          0          0          0   (incl. Generated)
         4          0          0          0          0          0   (incl. Padding)

    ----------------------------------------------------------------------

      Code (inc. data)   RO Data    RW Data    ZI Data      Debug   Library Member Name

         8          0          0          0          0         68   __main.o
       392          4         17          0          0         92   __printf_flags_ss_wp.o
        14          0          0          0          0         68   __printf_wp.o
         0          0          0          0          0          0   __rtentry.o
        12          0          0          0          0          0   __rtentry2.o
         6          0          0          0          0          0   __rtentry4.o
        52          8          0          0          0          0   __scatter.o
        26          0          0          0          0          0   __scatter_copy.o
        28          0          0          0          0          0   __scatter_zi.o
         6          0          0          0          0          0   _printf_a.o
         6          0          0          0          0          0   _printf_c.o
        44          0          0          0          0        108   _printf_char.o
        48          6          0          0          0         96   _printf_char_common.o
        40          0          0          0          0         68   _printf_charcount.o
         6          0          0          0          0          0   _printf_d.o
       120         16          0          0          0         92   _printf_dec.o
         6          0          0          0          0          0   _printf_e.o
         6          0          0          0          0          0   _printf_f.o
      1054          0          0          0          0        216   _printf_fp_dec.o
       128         16          0          0          0         84   _printf_fp_infnan.o
         6          0          0          0          0          0   _printf_g.o
       148          4         40          0          0        160   _printf_hex_int_ll_ptr.o
         6          0          0          0          0          0   _printf_i.o
       178          0          0          0          0         88   _printf_intcommon.o
        10          0          0          0          0          0   _printf_l.o
         6          0          0          0          0          0   _printf_lc.o
        10          0          0          0          0          0   _printf_ll.o
         6          0          0          0          0          0   _printf_lld.o
         6          0          0          0          0          0   _printf_lli.o
         6          0          0          0          0          0   _printf_llo.o
         6          0          0          0          0          0   _printf_llu.o
         6          0          0          0          0          0   _printf_llx.o
       124         16          0          0          0         92   _printf_longlong_dec.o
         6          0          0          0          0          0   _printf_ls.o
         6          0          0          0          0          0   _printf_n.o
         6          0          0          0          0          0   _printf_o.o
       112         10          0          0          0        124   _printf_oct_int_ll.o
         6          0          0          0          0          0   _printf_p.o
        78          0          0          0          0        108   _printf_pad.o
         0          0          0          0          0          0   _printf_percent.o
         4          0          0          0          0          0   _printf_percent_end.o
         6          0          0          0          0          0   _printf_s.o
        82          0          0          0          0         80   _printf_str.o
        36          0          0          0          0         84   _printf_truncate.o
         6          0          0          0          0          0   _printf_u.o
        44          0          0          0          0        108   _printf_wchar.o
       188          6          8          0          0         92   _printf_wctomb.o
         6          0          0          0          0          0   _printf_x.o
        16          0          0          0          0         68   _snputc.o
        10          0          0          0          0         68   _sputc.o
        64          0          0          0          0         92   _wcrtomb.o
       228          4        148          0          0         96   bigflt0.o
      1936        128          0          0          0        672   btod.o
        52          4          0          0          0         80   c89vsnprintf.o
        18          0          0          0          0         80   exit.o
         6          0          0          0          0        152   heapauxi.o
        44         10        272          0          0         76   lc_ctype_c.o
        44         10         28          0          0         76   lc_numeric_c.o
         2          0          0          0          0          0   libinit.o
        30          0          0          0          0          0   libinit2.o
         2          0          0          0          0          0   libshutdown.o
         2          0          0          0          0          0   libshutdown2.o
         8          4          0          0         96         68   libspace.o
       138          0          0          0          0         80   lludiv10.o
        16          4          0          0          0         76   rt_ctype_table.o
         8          4          0          0          0         68   rt_locale_intlibspace.o
       100          0          0          0          0         80   rt_memcpy_w.o
         2          0          0          0          0          0   rtexit.o
        10          0          0          0          0          0   rtexit2.o
       128          0          0          0          0         68   strcmpv7m.o
        62          0          0          0          0         76   strlen.o
        74          0          0          0          0         80   sys_stackheap_outer.o
         2          0          0          0          0         68   use_no_semi.o
         2          0          0          0          0         68   use_no_semi_2.o
        24          0          0          0          0         68   dcmpi.o
       120          4          0          0          0         92   dleqf.o
       340         12          0          0          0        104   dmul.o
       156          4          0          0          0         92   dnaninf.o
        12          0          0          0          0         68   dretinf.o
        86          4          0          0          0         84   f2d.o
       388         76          0          0          0         96   fdiv.o
        38          0          0          0          0         68   fflt_clz.o
       140          4          0          0          0         84   fnaninf.o
        10          0          0          0          0         68   fretinf.o
         4          0          0          0          0         68   printf1.o
         0          0          0          0          0          0   usenofp.o
        40          0          0          0          0         68   fpclassify.o

    ----------------------------------------------------------------------
      7484        358        516          0        100       4980   Library Totals
        16          0          3          0          4          0   (incl. Padding)

    ----------------------------------------------------------------------

      Code (inc. data)   RO Data    RW Data    ZI Data      Debug   Library Name

      6110        254        513          0         96       4020   c_w.l
      1318        104          0          0          0        892   fz_ws.l
        40          0          0          0          0         68   m_ws.l

    ----------------------------------------------------------------------
      7484        358        516          0        100       4980   Library Totals

    ----------------------------------------------------------------------

==============================================================================


      Code (inc. data)   RO Data    RW Data    ZI Data      Debug   

     23240        950       3472         76       1636    1033890   Grand Totals
     23240        950       3472         76       1636    1033890   ELF Image Totals
     23240        950       3472         76          0          0   ROM Totals

==============================================================================

    Total RO  Size (Code + RO Data)                26712 (  26.09kB)
    Total RW  Size (RW Data + ZI Data)              1712 (   1.67kB)
    Total ROM Size (Code + RO Data + RW Data)      26788 (  26.16kB)

==============================================================================

